>                                   MODFLOW 6
#^^^^^^^^^^^^^^^^^^^^^^^^^^^^^^^^^^^^^^^^^^^^ source.mf6-lst comment.mf6-lst
>                U.S. GEOLOGICAL SURVEY MODULAR HYDROLOGIC MODEL
#^^^^^^^^^^^^^^^^^^^^^^^^^^^^^^^^^^^^^^^^^^^^^^^^^^^^^^^^^^^^^^^^ source.mf6-lst comment.mf6-lst
>                          GROUNDWATER FLOW MODEL (GWF)
#^^^^^^^^^^^^^^^^^^^^^^^^^^^^^^^^^^^^^^^^^^^^^^^^^^^^^^^ source.mf6-lst comment.mf6-lst
>                            VERSION 6.6.0 12/20/2024
#^^^^^^^^^^^^^^^^^^^^^^^^^^^^^^^^^^^^^^^^^^^^^^^^^^^^^ source.mf6-lst comment.mf6-lst
>
>   MODFLOW 6 compiled Dec 23 2024 16:32:19 with Intel(R) Fortran Intel(R) 64
#^^^^^^^^^^^^^^^^^^^^^^^^^^^^^^^^^^^^^^^^^^^^^^^^^^^^^^^^^^^^^^^^^^^^^^^^^^^^^ source.mf6-lst comment.mf6-lst
>   Compiler Classic for applications running on Intel(R) 64, Version 2021.7.0
#^^^^^^^^^^^^^^^^^^^^^^^^^^^^^^^^^^^^^^^^^^^^^^^^^^^^^^^^^^^^^^^^^^^^^^^^^^^^^^ source.mf6-lst comment.mf6-lst
>                             Build 20220726_000000
#^^^^^^^^^^^^^^^^^^^^^^^^^^^^^^^^^^^^^^^^^^^^^^^^^^^ source.mf6-lst comment.mf6-lst
>
>This software has been approved for release by the U.S. Geological
#^^^^^^^^^^^^^^^^^^^^^^^^^^^^^^^^^^^^^^^^^^^^^^^^^^^^^^^^^^^^^^^^^^^ source.mf6-lst comment.mf6-lst
>Survey (USGS). Although the software has been subjected to rigorous
#^^^^^^^^^^^^^^^^^^^^^^^^^^^^^^^^^^^^^^^^^^^^^^^^^^^^^^^^^^^^^^^^^^^^ source.mf6-lst comment.mf6-lst
>review, the USGS reserves the right to update the software as needed
#^^^^^^^^^^^^^^^^^^^^^^^^^^^^^^^^^^^^^^^^^^^^^^^^^^^^^^^^^^^^^^^^^^^^^ source.mf6-lst comment.mf6-lst
>pursuant to further analysis and review. No warranty, expressed or
#^^^^^^^^^^^^^^^^^^^^^^^^^^^^^^^^^^^^^^^^^^^^^^^^^^^^^^^^^^^^^^^^^^^ source.mf6-lst comment.mf6-lst
>implied, is made by the USGS or the U.S. Government as to the
#^^^^^^^^^^^^^^^^^^^^^^^^^^^^^^^^^^^^^^^^^^^^^^^^^^^^^^^^^^^^^^ source.mf6-lst comment.mf6-lst
>functionality of the software and related material nor shall the
#^^^^^^^^^^^^^^^^^^^^^^^^^^^^^^^^^^^^^^^^^^^^^^^^^^^^^^^^^^^^^^^^^ source.mf6-lst comment.mf6-lst
>fact of release constitute any such warranty. Furthermore, the
#^^^^^^^^^^^^^^^^^^^^^^^^^^^^^^^^^^^^^^^^^^^^^^^^^^^^^^^^^^^^^^^ source.mf6-lst comment.mf6-lst
>software is released on condition that neither the USGS nor the U.S.
#^^^^^^^^^^^^^^^^^^^^^^^^^^^^^^^^^^^^^^^^^^^^^^^^^^^^^^^^^^^^^^^^^^^^^ source.mf6-lst comment.mf6-lst
>Government shall be held liable for any damages resulting from its
#^^^^^^^^^^^^^^^^^^^^^^^^^^^^^^^^^^^^^^^^^^^^^^^^^^^^^^^^^^^^^^^^^^^ source.mf6-lst comment.mf6-lst
>authorized or unauthorized use. Also refer to the USGS Water
#^^^^^^^^^^^^^^^^^^^^^^^^^^^^^^^^^^^^^^^^^^^^^^^^^^^^^^^^^^^^^ source.mf6-lst comment.mf6-lst
>Resources Software User Rights Notice for complete use, copyright,
#^^^^^^^^^^^^^^^^^^^^^^^^^^^^^^^^^^^^^^^^^^^^^^^^^^^^^^^^^^^^^^^^^^^ source.mf6-lst comment.mf6-lst
>and distribution information.
#^^^^^^^^^^^^^^^^^^^^^^^^^^^^^^ source.mf6-lst comment.mf6-lst
>
>
>As a work of the United States Government, this USGS product is
#^^^^^^^^^^^^^^^^^^^^^^^^^^^^^^^^^^^^^^^^^^^^^^^^^^^^^^^^^^^^^^^^ source.mf6-lst comment.mf6-lst
>in the public domain within the United States. You can copy,
#^^^^^^^^^^^^^^^^^^^^^^^^^^^^^^^^^^^^^^^^^^^^^^^^^^^^^^^^^^^^^ source.mf6-lst comment.mf6-lst
>modify, distribute, and perform the work, even for commercial
#^^^^^^^^^^^^^^^^^^^^^^^^^^^^^^^^^^^^^^^^^^^^^^^^^^^^^^^^^^^^^^ source.mf6-lst comment.mf6-lst
>purposes, all without asking permission. Additionally, USGS
#^^^^^^^^^^^^^^^^^^^^^^^^^^^^^^^^^^^^^^^^^^^^^^^^^^^^^^^^^^^^ source.mf6-lst comment.mf6-lst
>waives copyright and related rights in the work worldwide
#^^^^^^^^^^^^^^^^^^^^^^^^^^^^^^^^^^^^^^^^^^^^^^^^^^^^^^^^^^ source.mf6-lst comment.mf6-lst
>through CC0 1.0 Universal Public Domain Dedication
#^^^^^^^^^^^^^^^^^^^^^^^^^^^^^^^^^^^^^^^^^^^^^^^^^^^ source.mf6-lst comment.mf6-lst
>(https://creativecommons.org/publicdomain/zero/1.0/).
#^^^^^^^^^^^^^^^^^^^^^^^^^^^^^^^^^^^^^^^^^^^^^^^^^^^^^^ source.mf6-lst comment.mf6-lst
>
>The following GNU Lesser General Public License (LGPL) libraries
#^^^^^^^^^^^^^^^^^^^^^^^^^^^^^^^^^^^^^^^^^^^^^^^^^^^^^^^^^^^^^^^^^ source.mf6-lst comment.mf6-lst
>are used in this USGS product:
#^^^^^^^^^^^^^^^^^^^^^^^^^^^^^^^ source.mf6-lst comment.mf6-lst
>
>    SPARSKIT version 2.0
#^^^^^^^^^^^^^^^^^^^^^^^^^ source.mf6-lst comment.mf6-lst
>      ilut, luson, and qsplit
#^^^^^^^^^^^^^^^^^^^^^^^^^^^^^^ source.mf6-lst comment.mf6-lst
>      (https://www-users.cse.umn.edu/~saad/software/SPARSKIT/)
#^^^^^^^^^^^^^^^^^^^^^^^^^^^^^^^^^^^^^^^^^^^^^^^^^^^^^^^^^^^^^^^ source.mf6-lst comment.mf6-lst
>
>    RCM - Reverse Cuthill McKee Ordering
#^^^^^^^^^^^^^^^^^^^^^^^^^^^^^^^^^^^^^^^^^ source.mf6-lst comment.mf6-lst
>      (https://people.math.sc.edu/Burkardt/f_src/rcm/rcm.html)
#^^^^^^^^^^^^^^^^^^^^^^^^^^^^^^^^^^^^^^^^^^^^^^^^^^^^^^^^^^^^^^^ source.mf6-lst comment.mf6-lst
>
>    BLAS - Basic Linear Algebra Subprograms Level 1
#^^^^^^^^^^^^^^^^^^^^^^^^^^^^^^^^^^^^^^^^^^^^^^^^^^^^ source.mf6-lst comment.mf6-lst
>      (https://people.math.sc.edu/Burkardt/f_src/blas1_d/blas1_d.html)
#^^^^^^^^^^^^^^^^^^^^^^^^^^^^^^^^^^^^^^^^^^^^^^^^^^^^^^^^^^^^^^^^^^^^^^^ source.mf6-lst comment.mf6-lst
>
>    SPARSEKIT - Sparse Matrix Utility Package
#^^^^^^^^^^^^^^^^^^^^^^^^^^^^^^^^^^^^^^^^^^^^^^ source.mf6-lst comment.mf6-lst
>      amux, dperm, dvperm, rperm, and cperm
#^^^^^^^^^^^^^^^^^^^^^^^^^^^^^^^^^^^^^^^^^^^^ source.mf6-lst comment.mf6-lst
>      (https://people.sc.fsu.edu/~jburkardt/f77_src/sparsekit/sparsekit.html)
#^^^^^^^^^^^^^^^^^^^^^^^^^^^^^^^^^^^^^^^^^^^^^^^^^^^^^^^^^^^^^^^^^^^^^^^^^^^^^^ source.mf6-lst comment.mf6-lst
>
>The following BSD-3 License libraries are used in this USGS product:
#^^^^^^^^^^^^^^^^^^^^^^^^^^^^^^^^^^^^^^^^^^^^^^^^^^^^^^^^^^^^^^^^^^^^^ source.mf6-lst comment.mf6-lst
>
>    Modern Fortran DAG Library
#^^^^^^^^^^^^^^^^^^^^^^^^^^^^^^^ source.mf6-lst comment.mf6-lst
>      Copyright (c) 2018, Jacob Williams
#^^^^^^^^^^^^^^^^^^^^^^^^^^^^^^^^^^^^^^^^^ source.mf6-lst comment.mf6-lst
>      All rights reserved.
#^^^^^^^^^^^^^^^^^^^^^^^^^^^ source.mf6-lst comment.mf6-lst
>      (https://github.com/jacobwilliams/daglib)
#^^^^^^^^^^^^^^^^^^^^^^^^^^^^^^^^^^^^^^^^^^^^^^^^ source.mf6-lst comment.mf6-lst
>
>MODFLOW 6 compiler options: /O2 /heap-arrays:0 /fpe:0 /traceback /nologo /fpp
#^^^^^^^^^^^^^^^^^^^^^^^^^^^^^^^^^^^^^^^^^^^^^^^^^^^^^^^^^^^^^^^^^^^^^^^^^^^^^^ source.mf6-lst comment.mf6-lst
>/c /module:win64\mod_mf6\ /object:win64\obj_mf6\
#^^^^^^^^^^^^^^^^^^^^^^^^^^^^^^^^^^^^^^^^^^^^^^^^^ source.mf6-lst comment.mf6-lst
>
>System command used to initiate simulation:
#^^^^^^^^^^^^^^^^^^^^^^^^^^^^^^^^^^^^^^^^^^^^ source.mf6-lst comment.mf6-lst
>C:\Users\CLAM6\modflow\mf6.exe
#^^^^^^^^^^^^^^^^^^^^^^^^^^^^^^^ source.mf6-lst comment.mf6-lst
>
>MODFLOW was compiled using uniform precision.
#^^^^^^^^^^^^^^^^^^^^^^^^^^^^^^^^^^^^^^^^^^^^^^ source.mf6-lst comment.mf6-lst
>
>Real Variables
#^^^^^^^^^^^^^^^ source.mf6-lst comment.mf6-lst
>  KIND: 8
#^^^^^^^^^^ source.mf6-lst comment.mf6-lst
>  TINY (smallest non-zero value):    2.225074-308
#^^^^^^^^^^^^^^^^^^^^^^^^^^^^^^^^^^^^^^^^^^^^^^^^^^ source.mf6-lst comment.mf6-lst
>  HUGE (largest value):    1.797693+308
#^^^^^^^^^^^^^^^^^^^^^^^^^^^^^^^^^^^^^^^^ source.mf6-lst comment.mf6-lst
>  PRECISION: 15
#^^^^^^^^^^^^^^^^ source.mf6-lst comment.mf6-lst
>  SIZE IN BITS: 64
#^^^^^^^^^^^^^^^^^^^ source.mf6-lst comment.mf6-lst
>
>Integer Variables
#^^^^^^^^^^^^^^^^^^ source.mf6-lst comment.mf6-lst
>  KIND: 4
#^^^^^^^^^^ source.mf6-lst comment.mf6-lst
>  HUGE (largest value): 2147483647
#^^^^^^^^^^^^^^^^^^^^^^^^^^^^^^^^^^^ source.mf6-lst comment.mf6-lst
>  SIZE IN BITS: 32
#^^^^^^^^^^^^^^^^^^^ source.mf6-lst comment.mf6-lst
>
>Long Integer Variables
#^^^^^^^^^^^^^^^^^^^^^^^ source.mf6-lst comment.mf6-lst
>  KIND: 8
#^^^^^^^^^^ source.mf6-lst comment.mf6-lst
>  HUGE (largest value): 9223372036854775807
#^^^^^^^^^^^^^^^^^^^^^^^^^^^^^^^^^^^^^^^^^^^^ source.mf6-lst comment.mf6-lst
>  SIZE IN BITS: 64
#^^^^^^^^^^^^^^^^^^^ source.mf6-lst comment.mf6-lst
>
>Logical Variables
#^^^^^^^^^^^^^^^^^^ source.mf6-lst comment.mf6-lst
>  KIND: 4
#^^^^^^^^^^ source.mf6-lst comment.mf6-lst
>  SIZE IN BITS: 32
#^^^^^^^^^^^^^^^^^^^ source.mf6-lst comment.mf6-lst
>
> NAMEFILE OPTIONS:
#^^^^^^^^^^^^^^^^^^^ source.mf6-lst comment.mf6-lst
>    FLOWS WILL BE SAVED TO BUDGET FILE SPECIFIED IN OUTPUT CONTROL
#^^^^^^^^^^^^^^^^^^^^^^^^^^^^^^^^^^^^^^^^^^^^^^^^^^^^^^^^^^^^^^^^^^^ source.mf6-lst comment.mf6-lst
> END NAMEFILE OPTIONS:
#^^^^^^^^^^^^^^^^^^^^^^^ source.mf6-lst comment.mf6-lst
>
> DIS -- STRUCTURED GRID DISCRETIZATION PACKAGE, VERSION 2 : 3/27/2014 - INPUT READ FROM MEMPATH: __INPUT__/EX01_MF6/DIS
#^^^^^^^^^^^^^^^^^^^^^^^^^^^^^^^^^^^^^^^^^^^^^^^^^^^^^^^^^^^^^^^^^^^^^^^^^^^^^^^^^^^^^^^^^^^^^^^^^^^^^^^^^^^^^^^^^^^^^^^ source.mf6-lst comment.mf6-lst markup.heading.1.mf6-lst
>
>
> NPF -- NODE PROPERTY FLOW PACKAGE, VERSION 1, 3/30/2015 INPUT READ FROM MEMPATH: __INPUT__/EX01_MF6/NPF
#^^^^^^^^^^^^^^^^^^^^^^^^^^^^^^^^^^^^^^^^^^^^^^^^^^^^^^^^^^^^^^^^^^^^^^^^^^^^^^^^^^^^^^^^^^^^^^^^^^^^^^^^ source.mf6-lst comment.mf6-lst markup.heading.1.mf6-lst
>
>
> IC -- Initial Conditions Package, Version 8, 3/28/2015 input read from mempath: __INPUT__/EX01_MF6/IC
#^^^^^^^^^^^^^^^^^^^^^^^^^^^^^^^^^^^^^^^^^^^^^^^^^^^^^^^^^^^^^^^^^^^^^^^^^^^^^^^^^^^^^^^^^^^^^^^^^^^^^^ source.mf6-lst comment.mf6-lst markup.heading.1.mf6-lst
>
>
> Setting Discretization Options
#^^^^^^^^^^^^^^^^^^^^^^^^^^^^^^^^ source.mf6-lst comment.mf6-lst
>    Model length unit [0=UND, 1=FEET, 2=METERS, 3=CENTIMETERS] set as 1
#^^^^^^^^^^^^^^^^^^^^^^^^^^^^^^^^^^^^^^^^^^^^^^^^^^^^^^^^^^^^^^^^^^^^^^^^ source.mf6-lst comment.mf6-lst
> End Setting Discretization Options
#^^^^^^^^^^^^^^^^^^^^^^^^^^^^^^^^^^^^ source.mf6-lst comment.mf6-lst
>
> Setting Discretization Dimensions
#^^^^^^^^^^^^^^^^^^^^^^^^^^^^^^^^^^^ source.mf6-lst comment.mf6-lst
>    NLAY = 3
#^^^^^^^^^^^^^ source.mf6-lst comment.mf6-lst
>    NROW = 21
#^^^^^^^^^^^^^^ source.mf6-lst comment.mf6-lst
>    NCOL = 20
#^^^^^^^^^^^^^^ source.mf6-lst comment.mf6-lst
> End Setting Discretization Dimensions
#^^^^^^^^^^^^^^^^^^^^^^^^^^^^^^^^^^^^^^^ source.mf6-lst comment.mf6-lst
>
> Setting Discretization Griddata
#^^^^^^^^^^^^^^^^^^^^^^^^^^^^^^^^^ source.mf6-lst comment.mf6-lst
>    DELR set from input file
#^^^^^^^^^^^^^^^^^^^^^^^^^^^^^ source.mf6-lst comment.mf6-lst
>    DELC set from input file
#^^^^^^^^^^^^^^^^^^^^^^^^^^^^^ source.mf6-lst comment.mf6-lst
>    TOP set from input file
#^^^^^^^^^^^^^^^^^^^^^^^^^^^^ source.mf6-lst comment.mf6-lst
>    BOTM set from input file
#^^^^^^^^^^^^^^^^^^^^^^^^^^^^^ source.mf6-lst comment.mf6-lst
> End Setting Discretization Griddata
#^^^^^^^^^^^^^^^^^^^^^^^^^^^^^^^^^^^^^ source.mf6-lst comment.mf6-lst
>
> Setting NPF Options
#^^^^^^^^^^^^^^^^^^^^^ source.mf6-lst comment.mf6-lst
> End Setting NPF Options
#^^^^^^^^^^^^^^^^^^^^^^^^^ source.mf6-lst comment.mf6-lst
>
> Setting NPF Griddata
#^^^^^^^^^^^^^^^^^^^^^^ source.mf6-lst comment.mf6-lst
>    ICELLTYPE set from input file
#^^^^^^^^^^^^^^^^^^^^^^^^^^^^^^^^^^ source.mf6-lst comment.mf6-lst
>    K set from input file
#^^^^^^^^^^^^^^^^^^^^^^^^^^ source.mf6-lst comment.mf6-lst
>    K33 set from input file
#^^^^^^^^^^^^^^^^^^^^^^^^^^^^ source.mf6-lst comment.mf6-lst
>    K22 not provided.  Setting K22 = K.
#^^^^^^^^^^^^^^^^^^^^^^^^^^^^^^^^^^^^^^^^ source.mf6-lst comment.mf6-lst
> End Setting NPF Griddata
#^^^^^^^^^^^^^^^^^^^^^^^^^^ source.mf6-lst comment.mf6-lst
>
>
> WEL   -- WEL PACKAGE, VERSION 8, 2/22/2014 INPUT READ FROM MEMPATH: __INPUT__/EX01_MF6/WEL_0
#^^^^^^^^^^^^^^^^^^^^^^^^^^^^^^^^^^^^^^^^^^^^^^^^^^^^^^^^^^^^^^^^^^^^^^^^^^^^^^^^^^^^^^^^^^^^^ source.mf6-lst comment.mf6-lst markup.heading.1.mf6-lst
>
> PROCESSING WEL BASE OPTIONS
#^^^^^^^^^^^^ source.mf6-lst comment.mf6-lst keyword.control.mf6-lst
#            ^^^^^^^^^^^^^^^^ source.mf6-lst comment.mf6-lst entity.name.type.mf6-lst
> END OF WEL BASE OPTIONS
#^^^^^^^^ source.mf6-lst comment.mf6-lst keyword.control.mf6-lst
#        ^^^^^^^^^^^^^^^^ source.mf6-lst comment.mf6-lst entity.name.type.mf6-lst
>
> PROCESSING WEL OPTIONS
#^^^^^^^^^^^^ source.mf6-lst comment.mf6-lst keyword.control.mf6-lst
#            ^^^^^^^^^^^ source.mf6-lst comment.mf6-lst entity.name.type.mf6-lst
> END OF WEL OPTIONS
#^^^^^^^^ source.mf6-lst comment.mf6-lst keyword.control.mf6-lst
#        ^^^^^^^^^^^ source.mf6-lst comment.mf6-lst entity.name.type.mf6-lst
>
> PROCESSING WEL BASE DIMENSIONS
#^^^^^^^^^^^^ source.mf6-lst comment.mf6-lst keyword.control.mf6-lst
#            ^^^^^^^^^^^^^^^^^^^ source.mf6-lst comment.mf6-lst entity.name.type.mf6-lst
>    MAXBOUND =       1
#^^^^^^^^^^^^^^^^^^^^^^^ source.mf6-lst comment.mf6-lst
> END OF WEL BASE DIMENSIONS
#^^^^^^^^ source.mf6-lst comment.mf6-lst keyword.control.mf6-lst
#        ^^^^^^^^^^^^^^^^^^^ source.mf6-lst comment.mf6-lst entity.name.type.mf6-lst
>
> RIV   -- RIV PACKAGE, VERSION 8, 2/22/2014 INPUT READ FROM MEMPATH: __INPUT__/EX01_MF6/RIV_0
#^^^^^^^^^^^^^^^^^^^^^^^^^^^^^^^^^^^^^^^^^^^^^^^^^^^^^^^^^^^^^^^^^^^^^^^^^^^^^^^^^^^^^^^^^^^^^ source.mf6-lst comment.mf6-lst markup.heading.1.mf6-lst
>
> PROCESSING RIV BASE OPTIONS
#^^^^^^^^^^^^ source.mf6-lst comment.mf6-lst keyword.control.mf6-lst
#            ^^^^^^^^^^^^^^^^ source.mf6-lst comment.mf6-lst entity.name.type.mf6-lst
> END OF RIV BASE OPTIONS
#^^^^^^^^ source.mf6-lst comment.mf6-lst keyword.control.mf6-lst
#        ^^^^^^^^^^^^^^^^ source.mf6-lst comment.mf6-lst entity.name.type.mf6-lst
>
> PROCESSING RIV OPTIONS
#^^^^^^^^^^^^ source.mf6-lst comment.mf6-lst keyword.control.mf6-lst
#            ^^^^^^^^^^^ source.mf6-lst comment.mf6-lst entity.name.type.mf6-lst
> END OF RIV OPTIONS
#^^^^^^^^ source.mf6-lst comment.mf6-lst keyword.control.mf6-lst
#        ^^^^^^^^^^^ source.mf6-lst comment.mf6-lst entity.name.type.mf6-lst
>
> PROCESSING RIV BASE DIMENSIONS
#^^^^^^^^^^^^ source.mf6-lst comment.mf6-lst keyword.control.mf6-lst
#            ^^^^^^^^^^^^^^^^^^^ source.mf6-lst comment.mf6-lst entity.name.type.mf6-lst
>    MAXBOUND =      21
#^^^^^^^^^^^^^^^^^^^^^^^ source.mf6-lst comment.mf6-lst
> END OF RIV BASE DIMENSIONS
#^^^^^^^^ source.mf6-lst comment.mf6-lst keyword.control.mf6-lst
#        ^^^^^^^^^^^^^^^^^^^ source.mf6-lst comment.mf6-lst entity.name.type.mf6-lst
>
> RCH   -- RCH PACKAGE, VERSION 8, 2/22/2014 INPUT READ FROM MEMPATH: __INPUT__/EX01_MF6/RCHA_0
#^^^^^^^^^^^^^^^^^^^^^^^^^^^^^^^^^^^^^^^^^^^^^^^^^^^^^^^^^^^^^^^^^^^^^^^^^^^^^^^^^^^^^^^^^^^^^^ source.mf6-lst comment.mf6-lst markup.heading.1.mf6-lst
>
> PROCESSING RCH BASE OPTIONS
#^^^^^^^^^^^^ source.mf6-lst comment.mf6-lst keyword.control.mf6-lst
#            ^^^^^^^^^^^^^^^^ source.mf6-lst comment.mf6-lst entity.name.type.mf6-lst
> END OF RCH BASE OPTIONS
#^^^^^^^^ source.mf6-lst comment.mf6-lst keyword.control.mf6-lst
#        ^^^^^^^^^^^^^^^^ source.mf6-lst comment.mf6-lst entity.name.type.mf6-lst
>
> PROCESSING RCHA OPTIONS
#^^^^^^^^^^^^ source.mf6-lst comment.mf6-lst keyword.control.mf6-lst
#            ^^^^^^^^^^^^ source.mf6-lst comment.mf6-lst entity.name.type.mf6-lst
>    RECHARGE INPUT WILL BE READ AS ARRAY(S).
#^^^^^^^^^^^^^^^^^^^^^^^^^^^^^^^^^^^^^^^^^^^^^ source.mf6-lst comment.mf6-lst
> END OF RCHA OPTIONS
#^^^^^^^^ source.mf6-lst comment.mf6-lst keyword.control.mf6-lst
#        ^^^^^^^^^^^^ source.mf6-lst comment.mf6-lst entity.name.type.mf6-lst
>    STRT set from input file
#^^^^^^^^^^^^^^^^^^^^^^^^^^^^^ source.mf6-lst comment.mf6-lst
>    BINARY GRID INFORMATION WILL BE WRITTEN TO:
#^^^^^^^^^^^^^^^^^^^^^^^^^^^^^^^^^^^^^^^^^^^^^^^^ source.mf6-lst comment.mf6-lst
>      UNIT NUMBER: 1014
#^^^^^^^^^^^^^^^^^^^^^^^^ source.mf6-lst comment.mf6-lst
>      FILE NAME: ex01_mf6.dis.grb
#^^^^^^^^^^^^^^^^^^^^^^^^^^^^^^^^^^ source.mf6-lst comment.mf6-lst
>
> OPENED ex01_mf6.dis.grb
#^^^^^^^^ source.mf6-lst comment.mf6-lst entity.name.function.mf6-lst
#        ^^^^^^^^^^^^^^^^ source.mf6-lst comment.mf6-lst string.mf6-lst
> FILE TYPE:DATA(BINARY)   UNIT 1014   STATUS:REPLACE
#^^^^^^^^^^^^^^^^^^^^^^^^^^^^^^^^^^^^^^^^^^^^^^^^^^^^^ source.mf6-lst comment.mf6-lst
> FORMAT:UNFORMATTED            ACCESS:STREAM
#^^^^^^^^^^^^^^^^^^^^^^^^^^^^^^^^^^^^^^^^^^^^^ source.mf6-lst comment.mf6-lst
> ACTION:READWRITE
#^^^^^^^^^^^^^^^^^^ source.mf6-lst comment.mf6-lst
>
>      THE LAST TIME STEP WILL BE PRINTED
#^^^^^^^^^^^^^^^^^^^^^^^^^^^^^^^^^^^^^^^^^ source.mf6-lst comment.mf6-lst
>      THE LAST TIME STEP WILL BE PRINTED
#^^^^^^^^^^^^^^^^^^^^^^^^^^^^^^^^^^^^^^^^^ source.mf6-lst comment.mf6-lst
> # File generated by Flopy version 3.10.0.dev1 on 12/27/2024 at 13:24:41.
#^^^^^^^^^^^^^^^^^^^^^^^^^^^^^^^^^^^^^^^^^^^^^^^^^^^^^^^^^^^^^^^^^^^^^^^^^^ source.mf6-lst comment.mf6-lst
>
> PROCESSING OC OPTIONS
#^^^^^^^^^^^^ source.mf6-lst comment.mf6-lst keyword.control.mf6-lst
#            ^^^^^^^^^^ source.mf6-lst comment.mf6-lst entity.name.type.mf6-lst
>
>    BUDGET INFORMATION WILL BE WRITTEN TO:
#^^^^^^^^^^^^^^^^^^^^^^^^^^^^^^^^^^^^^^^^^^^ source.mf6-lst comment.mf6-lst
>      UNIT NUMBER: 1015
#^^^^^^^^^^^^^^^^^^^^^^^^ source.mf6-lst comment.mf6-lst
>      FILE NAME: ex01_mf6.cbb
#^^^^^^^^^^^^^^^^^^^^^^^^^^^^^^ source.mf6-lst comment.mf6-lst
>
> OPENED ex01_mf6.cbb
#^^^^^^^^ source.mf6-lst comment.mf6-lst entity.name.function.mf6-lst
#        ^^^^^^^^^^^^ source.mf6-lst comment.mf6-lst string.mf6-lst
> FILE TYPE:DATA(BINARY)   UNIT 1015   STATUS:REPLACE
#^^^^^^^^^^^^^^^^^^^^^^^^^^^^^^^^^^^^^^^^^^^^^^^^^^^^^ source.mf6-lst comment.mf6-lst
> FORMAT:UNFORMATTED            ACCESS:STREAM
#^^^^^^^^^^^^^^^^^^^^^^^^^^^^^^^^^^^^^^^^^^^^^ source.mf6-lst comment.mf6-lst
> ACTION:READWRITE
#^^^^^^^^^^^^^^^^^^ source.mf6-lst comment.mf6-lst
>
>    HEAD INFORMATION WILL BE WRITTEN TO:
#^^^^^^^^^^^^^^^^^^^^^^^^^^^^^^^^^^^^^^^^^ source.mf6-lst comment.mf6-lst
>      UNIT NUMBER: 1016
#^^^^^^^^^^^^^^^^^^^^^^^^ source.mf6-lst comment.mf6-lst
>      FILE NAME: ex01_mf6.hds
#^^^^^^^^^^^^^^^^^^^^^^^^^^^^^^ source.mf6-lst comment.mf6-lst
>
> OPENED ex01_mf6.hds
#^^^^^^^^ source.mf6-lst comment.mf6-lst entity.name.function.mf6-lst
#        ^^^^^^^^^^^^ source.mf6-lst comment.mf6-lst string.mf6-lst
> FILE TYPE:DATA(BINARY)   UNIT 1016   STATUS:REPLACE
#^^^^^^^^^^^^^^^^^^^^^^^^^^^^^^^^^^^^^^^^^^^^^^^^^^^^^ source.mf6-lst comment.mf6-lst
> FORMAT:UNFORMATTED            ACCESS:STREAM
#^^^^^^^^^^^^^^^^^^^^^^^^^^^^^^^^^^^^^^^^^^^^^ source.mf6-lst comment.mf6-lst
> ACTION:READWRITE
#^^^^^^^^^^^^^^^^^^ source.mf6-lst comment.mf6-lst
>
> END OF OC OPTIONS
#^^^^^^^^ source.mf6-lst comment.mf6-lst keyword.control.mf6-lst
#        ^^^^^^^^^^ source.mf6-lst comment.mf6-lst entity.name.type.mf6-lst
>
>start timestep kper="1" kstp="1" mode="normal"
#^^^^^^^^^^^^^^^^^^^^^ source.mf6-lst comment.mf6-lst markup.heading.1.mf6-lst
#                     ^ source.mf6-lst comment.mf6-lst markup.heading.1.mf6-lst entity.name.type.mf6-lst
#                      ^^^^^^^^ source.mf6-lst comment.mf6-lst markup.heading.1.mf6-lst
#                              ^ source.mf6-lst comment.mf6-lst markup.heading.1.mf6-lst entity.name.type.mf6-lst
#                               ^^^^^^^^^^^^^^^ source.mf6-lst comment.mf6-lst markup.heading.1.mf6-lst
>
>
> BEGIN READING OUTPUT CONTROL FOR STRESS PERIOD 1
#^^^^^^^^^^^^^^^ source.mf6-lst comment.mf6-lst keyword.control.mf6-lst
#               ^^^^^^^^^^^^^^^^^^^^^^^^^^^^^^^^^^ source.mf6-lst comment.mf6-lst entity.name.type.mf6-lst
>      ALL TIME STEPS WILL BE SAVED
#^^^^^^^^^^^^^^^^^^^^^^^^^^^^^^^^^^^ source.mf6-lst comment.mf6-lst
>      ALL TIME STEPS WILL BE SAVED
#^^^^^^^^^^^^^^^^^^^^^^^^^^^^^^^^^^^ source.mf6-lst comment.mf6-lst
>
> END READING OUTPUT CONTROL FOR STRESS PERIOD 1
#^^^^^^^^^^^^^ source.mf6-lst comment.mf6-lst keyword.control.mf6-lst
#             ^^^^^^^^^^^^^^^^^^^^^^^^^^^^^^^^^^ source.mf6-lst comment.mf6-lst entity.name.type.mf6-lst
> UBDSV1 SAVING     FLOW-JA-FACE ON UNIT   1015 AT TIME STEP      1, STRESS PERIOD      1
#^^^^^^^^^^^^^^^^^^^^^^^^^^^^^^^^^^^^^^^^^^^^^^^^^^^^^^^^^^^^^^^^^^^^^^^^^^^^^^^^^^^^^^^^^ source.mf6-lst comment.mf6-lst
> UBDSV06 SAVING              WEL IN MODEL EX01_MF6         PACKAGE EX01_MF6        CONNECTED TO MODEL EX01_MF6         PACKAGE WEL_0            ON UNIT   1015 AT TIME STEP      1, STRESS PERIOD      1
#^^^^^^^^^^^^^^^^^^^^^^^^^^^^^^^^^^^^^^^^^^^^^^^^^^^^^^^^^^^^^^^^^^^^^^^^^^^^^^^^^^^^^^^^^^^^^^^^^^^^^^^^^^^^^^^^^^^^^^^^^^^^^^^^^^^^^^^^^^^^^^^^^^^^^^^^^^^^^^^^^^^^^^^^^^^^^^^^^^^^^^^^^^^^^^^^^^^^^^^^^ source.mf6-lst comment.mf6-lst
> UBDSV06 SAVING              RIV IN MODEL EX01_MF6         PACKAGE EX01_MF6        CONNECTED TO MODEL EX01_MF6         PACKAGE RIV_0            ON UNIT   1015 AT TIME STEP      1, STRESS PERIOD      1
#^^^^^^^^^^^^^^^^^^^^^^^^^^^^^^^^^^^^^^^^^^^^^^^^^^^^^^^^^^^^^^^^^^^^^^^^^^^^^^^^^^^^^^^^^^^^^^^^^^^^^^^^^^^^^^^^^^^^^^^^^^^^^^^^^^^^^^^^^^^^^^^^^^^^^^^^^^^^^^^^^^^^^^^^^^^^^^^^^^^^^^^^^^^^^^^^^^^^^^^^^ source.mf6-lst comment.mf6-lst
> UBDSV06 SAVING             RCHA IN MODEL EX01_MF6         PACKAGE EX01_MF6        CONNECTED TO MODEL EX01_MF6         PACKAGE RCHA_0           ON UNIT   1015 AT TIME STEP      1, STRESS PERIOD      1
#^^^^^^^^^^^^^^^^^^^^^^^^^^^^^^^^^^^^^^^^^^^^^^^^^^^^^^^^^^^^^^^^^^^^^^^^^^^^^^^^^^^^^^^^^^^^^^^^^^^^^^^^^^^^^^^^^^^^^^^^^^^^^^^^^^^^^^^^^^^^^^^^^^^^^^^^^^^^^^^^^^^^^^^^^^^^^^^^^^^^^^^^^^^^^^^^^^^^^^^^^ source.mf6-lst comment.mf6-lst
>
> HEAD WILL BE SAVED ON UNIT 1016 AT END OF TIME STEP    1, STRESS PERIOD    1
#^^^^^^^^^^^^^^^^^^^^^^^^^^^^^^^^^^^^^^^^^^^^^^^^^^^^^^^^^^^^^^^^^^^^^^^^^^^^^^ source.mf6-lst comment.mf6-lst
>
>
>  VOLUME BUDGET FOR ENTIRE MODEL AT END OF TIME STEP    1, STRESS PERIOD   1
#^^^^^^^^^^^^^^^^^^^^^^^^^^^^^^^^^^^^^^^^^^^^^^^^^^^^^^^^^^^^^^^^^^^^^^^^^^^^^ source.mf6-lst comment.mf6-lst
>  ---------------------------------------------------------------------------------------------------
#^^^^^^^^^^^^^^^^^^^^^^^^^^^^^^^^^^^^^^^^^^^^^^^^^^^^^^^^^^^^^^^^^^^^^^^^^^^^^^^^^^^^^^^^^^^^^^^^^^^^^^ source.mf6-lst comment.mf6-lst
>
>     CUMULATIVE VOLUME      L**3       RATES FOR THIS TIME STEP      L**3/T          PACKAGE NAME
#^^^^^^^^^^^^^^^^^^^^^^^^^^^^^^^^^^^^^^^^^^^^^^^^^^^^^^^^^^^^^^^^^^^^^^^^^^^^^^^^^^^^^^^^^^^^^^^^^^ source.mf6-lst comment.mf6-lst
>     ------------------                 ------------------------                     ----------------
#^^^^^^^^^^^^^^^^^^^^^^^^^^^^^^^^^^^^^^^^^^^^^^^^^^^^^^^^^^^^^^^^^^^^^^^^^^^^^^^^^^^^^^^^^^^^^^^^^^^^^^ source.mf6-lst comment.mf6-lst
>
>           IN:                                      IN:
#^^^^^^^^^^^^^^^^^^^^^^^^^^^^^^^^^^^^^^^^^^^^^^^^^^^^^^^^ source.mf6-lst comment.mf6-lst
>           ---                                      ---
#^^^^^^^^^^^^^^^^^^^^^^^^^^^^^^^^^^^^^^^^^^^^^^^^^^^^^^^^ source.mf6-lst comment.mf6-lst
>                 WEL =           0.0000                   WEL =           0.0000     WEL_0
#^^^^^^^^^^^^^^^^^^^^^^^^^^^^^^^^^^^^^^^^^^^^^^^^^^^^^^^^^^^^^^^^^^^^^^^^^^^^^^^^^^^^^^^^^^^ source.mf6-lst comment.mf6-lst
>                 RIV =           0.0000                   RIV =           0.0000     RIV_0
#^^^^^^^^^^^^^^^^^^^^^^^^^^^^^^^^^^^^^^^^^^^^^^^^^^^^^^^^^^^^^^^^^^^^^^^^^^^^^^^^^^^^^^^^^^^ source.mf6-lst comment.mf6-lst
>                RCHA =      525000.0000                  RCHA =      525000.0000     RCHA_0
#^^^^^^^^^^^^^^^^^^^^^^^^^^^^^^^^^^^^^^^^^^^^^^^^^^^^^^^^^^^^^^^^^^^^^^^^^^^^^^^^^^^^^^^^^^^^ source.mf6-lst comment.mf6-lst
>
>            TOTAL IN =      525000.0000              TOTAL IN =      525000.0000
#^^^^^^^^^^^^^^^^^^^^^^^^^^^^^^^^^^^^^^^^^^^^^^^^^^^^^^^^^^^^^^^^^^^^^^^^^^^^^^^^^ source.mf6-lst comment.mf6-lst
>
>          OUT:                                     OUT:
#^^^^^^^^^^^^^^^^^^^^^^^^^^^^^^^^^^^^^^^^^^^^^^^^^^^^^^^^ source.mf6-lst comment.mf6-lst
>          ----                                     ----
#^^^^^^^^^^^^^^^^^^^^^^^^^^^^^^^^^^^^^^^^^^^^^^^^^^^^^^^^ source.mf6-lst comment.mf6-lst
>                 WEL =      150000.0000                   WEL =      150000.0000     WEL_0
#^^^^^^^^^^^^^^^^^^^^^^^^^^^^^^^^^^^^^^^^^^^^^^^^^^^^^^^^^^^^^^^^^^^^^^^^^^^^^^^^^^^^^^^^^^^ source.mf6-lst comment.mf6-lst
>                 RIV =      374999.9985                   RIV =      374999.9985     RIV_0
#^^^^^^^^^^^^^^^^^^^^^^^^^^^^^^^^^^^^^^^^^^^^^^^^^^^^^^^^^^^^^^^^^^^^^^^^^^^^^^^^^^^^^^^^^^^ source.mf6-lst comment.mf6-lst
>                RCHA =           0.0000                  RCHA =           0.0000     RCHA_0
#^^^^^^^^^^^^^^^^^^^^^^^^^^^^^^^^^^^^^^^^^^^^^^^^^^^^^^^^^^^^^^^^^^^^^^^^^^^^^^^^^^^^^^^^^^^^ source.mf6-lst comment.mf6-lst
>
>           TOTAL OUT =      524999.9985             TOTAL OUT =      524999.9985
#^^^^^^^^^^^^^^^^^^^^^^^^^^^^^^^^^^^^^^^^^^^^^^^^^^^^^^^^^^^^^^^^^^^^^^^^^^^^^^^^^ source.mf6-lst comment.mf6-lst
>
>            IN - OUT =       1.5102E-03              IN - OUT =       1.5102E-03
#^^^^^^^^^^^^^^^^^^^^^^^^^^^^^^^^^^^^^^^^^^^^^^^^^^^^^^^^^^^^^^^^^^^^^^^^^^^^^^^^^ source.mf6-lst comment.mf6-lst
>
> PERCENT DISCREPANCY =           0.00     PERCENT DISCREPANCY =           0.00
#^^^^^^^^^^^^^^^^^^^^^^^^^^^^^^^^^^^^^^^^^^^^^^^^^^^^^^^^^^^^^^^^^^^^^^^^^^^^^^^ source.mf6-lst comment.mf6-lst
>
>
>
>
>         TIME SUMMARY AT END OF TIME STEP    1 IN STRESS PERIOD    1
#^^^^^^^^^^^^^^^^^^^^^^^^^^^^^^^^^^^^^^^^^^^^^^^^^^^^^^^^^^^^^^^^^^^^^ source.mf6-lst comment.mf6-lst
>                    SECONDS     MINUTES      HOURS       DAYS        YEARS
#^^^^^^^^^^^^^^^^^^^^^^^^^^^^^^^^^^^^^^^^^^^^^^^^^^^^^^^^^^^^^^^^^^^^^^^^^^^ source.mf6-lst comment.mf6-lst
>                    -----------------------------------------------------------
#^^^^^^^^^^^^^^^^^^^^^^^^^^^^^^^^^^^^^^^^^^^^^^^^^^^^^^^^^^^^^^^^^^^^^^^^^^^^^^^^ source.mf6-lst comment.mf6-lst
>   TIME STEP LENGTH  86400.      1440.0      24.000      1.0000     2.73785E-03
#^^^^^^^^^^^^^^^^^^^^^^^^^^^^^^^^^^^^^^^^^^^^^^^^^^^^^^^^^^^^^^^^^^^^^^^^^^^^^^^^ source.mf6-lst comment.mf6-lst
> STRESS PERIOD TIME  86400.      1440.0      24.000      1.0000     2.73785E-03
#^^^^^^^^^^^^^^^^^^^^^^^^^^^^^^^^^^^^^^^^^^^^^^^^^^^^^^^^^^^^^^^^^^^^^^^^^^^^^^^^ source.mf6-lst comment.mf6-lst
>         TOTAL TIME  86400.      1440.0      24.000      1.0000     2.73785E-03
#^^^^^^^^^^^^^^^^^^^^^^^^^^^^^^^^^^^^^^^^^^^^^^^^^^^^^^^^^^^^^^^^^^^^^^^^^^^^^^^^ source.mf6-lst comment.mf6-lst
>
>
>end timestep
#^^^^^^^^^^^^^ source.mf6-lst comment.mf6-lst
>
>
>start timestep kper="1" kstp="2" mode="normal"
#^^^^^^^^^^^^^^^^^^^^^ source.mf6-lst comment.mf6-lst markup.heading.1.mf6-lst
#                     ^ source.mf6-lst comment.mf6-lst markup.heading.1.mf6-lst entity.name.type.mf6-lst
#                      ^^^^^^^^ source.mf6-lst comment.mf6-lst markup.heading.1.mf6-lst
#                              ^ source.mf6-lst comment.mf6-lst markup.heading.1.mf6-lst entity.name.type.mf6-lst
#                               ^^^^^^^^^^^^^^^ source.mf6-lst comment.mf6-lst markup.heading.1.mf6-lst
>
>
> BEGIN READING OUTPUT CONTROL FOR STRESS PERIOD 1
#^^^^^^^^^^^^^^^ source.mf6-lst comment.mf6-lst keyword.control.mf6-lst
#               ^^^^^^^^^^^^^^^^^^^^^^^^^^^^^^^^^^ source.mf6-lst comment.mf6-lst entity.name.type.mf6-lst
>      ALL TIME STEPS WILL BE SAVED
#^^^^^^^^^^^^^^^^^^^^^^^^^^^^^^^^^^^ source.mf6-lst comment.mf6-lst
>      ALL TIME STEPS WILL BE SAVED
#^^^^^^^^^^^^^^^^^^^^^^^^^^^^^^^^^^^ source.mf6-lst comment.mf6-lst
>
> END READING OUTPUT CONTROL FOR STRESS PERIOD 1
#^^^^^^^^^^^^^ source.mf6-lst comment.mf6-lst keyword.control.mf6-lst
#             ^^^^^^^^^^^^^^^^^^^^^^^^^^^^^^^^^^ source.mf6-lst comment.mf6-lst entity.name.type.mf6-lst
> UBDSV1 SAVING     FLOW-JA-FACE ON UNIT   1015 AT TIME STEP      1, STRESS PERIOD      1
#^^^^^^^^^^^^^^^^^^^^^^^^^^^^^^^^^^^^^^^^^^^^^^^^^^^^^^^^^^^^^^^^^^^^^^^^^^^^^^^^^^^^^^^^^ source.mf6-lst comment.mf6-lst
> UBDSV06 SAVING              WEL IN MODEL EX01_MF6         PACKAGE EX01_MF6        CONNECTED TO MODEL EX01_MF6         PACKAGE WEL_0            ON UNIT   1015 AT TIME STEP      1, STRESS PERIOD      1
#^^^^^^^^^^^^^^^^^^^^^^^^^^^^^^^^^^^^^^^^^^^^^^^^^^^^^^^^^^^^^^^^^^^^^^^^^^^^^^^^^^^^^^^^^^^^^^^^^^^^^^^^^^^^^^^^^^^^^^^^^^^^^^^^^^^^^^^^^^^^^^^^^^^^^^^^^^^^^^^^^^^^^^^^^^^^^^^^^^^^^^^^^^^^^^^^^^^^^^^^^ source.mf6-lst comment.mf6-lst
> UBDSV06 SAVING              RIV IN MODEL EX01_MF6         PACKAGE EX01_MF6        CONNECTED TO MODEL EX01_MF6         PACKAGE RIV_0            ON UNIT   1015 AT TIME STEP      1, STRESS PERIOD      1
#^^^^^^^^^^^^^^^^^^^^^^^^^^^^^^^^^^^^^^^^^^^^^^^^^^^^^^^^^^^^^^^^^^^^^^^^^^^^^^^^^^^^^^^^^^^^^^^^^^^^^^^^^^^^^^^^^^^^^^^^^^^^^^^^^^^^^^^^^^^^^^^^^^^^^^^^^^^^^^^^^^^^^^^^^^^^^^^^^^^^^^^^^^^^^^^^^^^^^^^^^ source.mf6-lst comment.mf6-lst
> UBDSV06 SAVING             RCHA IN MODEL EX01_MF6         PACKAGE EX01_MF6        CONNECTED TO MODEL EX01_MF6         PACKAGE RCHA_0           ON UNIT   1015 AT TIME STEP      1, STRESS PERIOD      1
#^^^^^^^^^^^^^^^^^^^^^^^^^^^^^^^^^^^^^^^^^^^^^^^^^^^^^^^^^^^^^^^^^^^^^^^^^^^^^^^^^^^^^^^^^^^^^^^^^^^^^^^^^^^^^^^^^^^^^^^^^^^^^^^^^^^^^^^^^^^^^^^^^^^^^^^^^^^^^^^^^^^^^^^^^^^^^^^^^^^^^^^^^^^^^^^^^^^^^^^^^ source.mf6-lst comment.mf6-lst
>
> HEAD WILL BE SAVED ON UNIT 1016 AT END OF TIME STEP    1, STRESS PERIOD    1
#^^^^^^^^^^^^^^^^^^^^^^^^^^^^^^^^^^^^^^^^^^^^^^^^^^^^^^^^^^^^^^^^^^^^^^^^^^^^^^ source.mf6-lst comment.mf6-lst
>
>
>  VOLUME BUDGET FOR ENTIRE MODEL AT END OF TIME STEP    1, STRESS PERIOD   1
#^^^^^^^^^^^^^^^^^^^^^^^^^^^^^^^^^^^^^^^^^^^^^^^^^^^^^^^^^^^^^^^^^^^^^^^^^^^^^ source.mf6-lst comment.mf6-lst
>  ---------------------------------------------------------------------------------------------------
#^^^^^^^^^^^^^^^^^^^^^^^^^^^^^^^^^^^^^^^^^^^^^^^^^^^^^^^^^^^^^^^^^^^^^^^^^^^^^^^^^^^^^^^^^^^^^^^^^^^^^^ source.mf6-lst comment.mf6-lst
>
>     CUMULATIVE VOLUME      L**3       RATES FOR THIS TIME STEP      L**3/T          PACKAGE NAME
#^^^^^^^^^^^^^^^^^^^^^^^^^^^^^^^^^^^^^^^^^^^^^^^^^^^^^^^^^^^^^^^^^^^^^^^^^^^^^^^^^^^^^^^^^^^^^^^^^^ source.mf6-lst comment.mf6-lst
>     ------------------                 ------------------------                     ----------------
#^^^^^^^^^^^^^^^^^^^^^^^^^^^^^^^^^^^^^^^^^^^^^^^^^^^^^^^^^^^^^^^^^^^^^^^^^^^^^^^^^^^^^^^^^^^^^^^^^^^^^^ source.mf6-lst comment.mf6-lst
>
>           IN:                                      IN:
#^^^^^^^^^^^^^^^^^^^^^^^^^^^^^^^^^^^^^^^^^^^^^^^^^^^^^^^^ source.mf6-lst comment.mf6-lst
>           ---                                      ---
#^^^^^^^^^^^^^^^^^^^^^^^^^^^^^^^^^^^^^^^^^^^^^^^^^^^^^^^^ source.mf6-lst comment.mf6-lst
>                 WEL =           0.0000                   WEL =           0.0000     WEL_0
#^^^^^^^^^^^^^^^^^^^^^^^^^^^^^^^^^^^^^^^^^^^^^^^^^^^^^^^^^^^^^^^^^^^^^^^^^^^^^^^^^^^^^^^^^^^ source.mf6-lst comment.mf6-lst
>                 RIV =           0.0000                   RIV =           0.0000     RIV_0
#^^^^^^^^^^^^^^^^^^^^^^^^^^^^^^^^^^^^^^^^^^^^^^^^^^^^^^^^^^^^^^^^^^^^^^^^^^^^^^^^^^^^^^^^^^^ source.mf6-lst comment.mf6-lst
>                RCHA =      525000.0000                  RCHA =      525000.0000     RCHA_0
#^^^^^^^^^^^^^^^^^^^^^^^^^^^^^^^^^^^^^^^^^^^^^^^^^^^^^^^^^^^^^^^^^^^^^^^^^^^^^^^^^^^^^^^^^^^^ source.mf6-lst comment.mf6-lst
>
>            TOTAL IN =      525000.0000              TOTAL IN =      525000.0000
#^^^^^^^^^^^^^^^^^^^^^^^^^^^^^^^^^^^^^^^^^^^^^^^^^^^^^^^^^^^^^^^^^^^^^^^^^^^^^^^^^ source.mf6-lst comment.mf6-lst
>
>          OUT:                                     OUT:
#^^^^^^^^^^^^^^^^^^^^^^^^^^^^^^^^^^^^^^^^^^^^^^^^^^^^^^^^ source.mf6-lst comment.mf6-lst
>          ----                                     ----
#^^^^^^^^^^^^^^^^^^^^^^^^^^^^^^^^^^^^^^^^^^^^^^^^^^^^^^^^ source.mf6-lst comment.mf6-lst
>                 WEL =      150000.0000                   WEL =      150000.0000     WEL_0
#^^^^^^^^^^^^^^^^^^^^^^^^^^^^^^^^^^^^^^^^^^^^^^^^^^^^^^^^^^^^^^^^^^^^^^^^^^^^^^^^^^^^^^^^^^^ source.mf6-lst comment.mf6-lst
>                 RIV =      374999.9985                   RIV =      374999.9985     RIV_0
#^^^^^^^^^^^^^^^^^^^^^^^^^^^^^^^^^^^^^^^^^^^^^^^^^^^^^^^^^^^^^^^^^^^^^^^^^^^^^^^^^^^^^^^^^^^ source.mf6-lst comment.mf6-lst
>                RCHA =           0.0000                  RCHA =           0.0000     RCHA_0
#^^^^^^^^^^^^^^^^^^^^^^^^^^^^^^^^^^^^^^^^^^^^^^^^^^^^^^^^^^^^^^^^^^^^^^^^^^^^^^^^^^^^^^^^^^^^ source.mf6-lst comment.mf6-lst
>
>           TOTAL OUT =      524999.9985             TOTAL OUT =      524999.9985
#^^^^^^^^^^^^^^^^^^^^^^^^^^^^^^^^^^^^^^^^^^^^^^^^^^^^^^^^^^^^^^^^^^^^^^^^^^^^^^^^^ source.mf6-lst comment.mf6-lst
>
>            IN - OUT =       1.5102E-03              IN - OUT =       1.5102E-03
#^^^^^^^^^^^^^^^^^^^^^^^^^^^^^^^^^^^^^^^^^^^^^^^^^^^^^^^^^^^^^^^^^^^^^^^^^^^^^^^^^ source.mf6-lst comment.mf6-lst
>
> PERCENT DISCREPANCY =           0.00     PERCENT DISCREPANCY =           0.00
#^^^^^^^^^^^^^^^^^^^^^^^^^^^^^^^^^^^^^^^^^^^^^^^^^^^^^^^^^^^^^^^^^^^^^^^^^^^^^^^ source.mf6-lst comment.mf6-lst
>
>
>
>
>         TIME SUMMARY AT END OF TIME STEP    1 IN STRESS PERIOD    1
#^^^^^^^^^^^^^^^^^^^^^^^^^^^^^^^^^^^^^^^^^^^^^^^^^^^^^^^^^^^^^^^^^^^^^ source.mf6-lst comment.mf6-lst
>                    SECONDS     MINUTES      HOURS       DAYS        YEARS
#^^^^^^^^^^^^^^^^^^^^^^^^^^^^^^^^^^^^^^^^^^^^^^^^^^^^^^^^^^^^^^^^^^^^^^^^^^^ source.mf6-lst comment.mf6-lst
>                    -----------------------------------------------------------
#^^^^^^^^^^^^^^^^^^^^^^^^^^^^^^^^^^^^^^^^^^^^^^^^^^^^^^^^^^^^^^^^^^^^^^^^^^^^^^^^ source.mf6-lst comment.mf6-lst
>   TIME STEP LENGTH  86400.      1440.0      24.000      1.0000     2.73785E-03
#^^^^^^^^^^^^^^^^^^^^^^^^^^^^^^^^^^^^^^^^^^^^^^^^^^^^^^^^^^^^^^^^^^^^^^^^^^^^^^^^ source.mf6-lst comment.mf6-lst
> STRESS PERIOD TIME  86400.      1440.0      24.000      1.0000     2.73785E-03
#^^^^^^^^^^^^^^^^^^^^^^^^^^^^^^^^^^^^^^^^^^^^^^^^^^^^^^^^^^^^^^^^^^^^^^^^^^^^^^^^ source.mf6-lst comment.mf6-lst
>         TOTAL TIME  86400.      1440.0      24.000      1.0000     2.73785E-03
#^^^^^^^^^^^^^^^^^^^^^^^^^^^^^^^^^^^^^^^^^^^^^^^^^^^^^^^^^^^^^^^^^^^^^^^^^^^^^^^^ source.mf6-lst comment.mf6-lst
>
>
>end timestep
#^^^^^^^^^^^^^ source.mf6-lst comment.mf6-lst
>