>BEGIN OPTIONS
#^^^^^ source.mf6 keyword.control.mf6
#     ^ source.mf6
#      ^^^^^^^ source.mf6 entity.name.type.mf6
>  TIME_UNITS seconds
#^^ source.mf6
#  ^^^^^^^^^^ source.mf6 entity.name.function.mf6
#            ^^^^^^^^^ source.mf6
>END OPTIONS
#^^^ source.mf6 keyword.control.mf6
#   ^ source.mf6
#    ^^^^^^^ source.mf6 entity.name.type.mf6
>
>BEGIN DIMENSIONS
#^^^^^ source.mf6 keyword.control.mf6
#     ^ source.mf6
#      ^^^^^^^^^^ source.mf6 entity.name.type.mf6
>  NPER 1
#^^ source.mf6
#  ^^^^ source.mf6 entity.name.function.mf6
#      ^^^ source.mf6
>END DIMENSIONS
#^^^ source.mf6 keyword.control.mf6
#   ^ source.mf6
#    ^^^^^^^^^^ source.mf6 entity.name.type.mf6
>
>BEGIN PERIODDATA
#^^^^^ source.mf6 keyword.control.mf6
#     ^ source.mf6
#      ^^^^^^^^^^ source.mf6 entity.name.type.mf6
>  10.000  1  1.2000
#^^^^^^^^^^^^^^^^^^^^ source.mf6
>END PERIODDATA
#^^^ source.mf6 keyword.control.mf6
#   ^ source.mf6
#    ^^^^^^^^^^ source.mf6 entity.name.type.mf6