>                                   MODFLOW 6
#^^^^^^^^^^^^^^^^^^^^^^^^^^^^^^^^^^^^^^^^^^^^ source.mf6-lst comment.mf6-lst
>                U.S. GEOLOGICAL SURVEY MODULAR HYDROLOGIC MODEL
#^^^^^^^^^^^^^^^^^^^^^^^^^^^^^^^^^^^^^^^^^^^^^^^^^^^^^^^^^^^^^^^^ source.mf6-lst comment.mf6-lst
>                            VERSION 6.6.0 12/20/2024
#^^^^^^^^^^^^^^^^^^^^^^^^^^^^^^^^^^^^^^^^^^^^^^^^^^^^^ source.mf6-lst comment.mf6-lst
>
>   MODFLOW 6 compiled Dec 23 2024 16:32:19 with Intel(R) Fortran Intel(R) 64
#^^^^^^^^^^^^^^^^^^^^^^^^^^^^^^^^^^^^^^^^^^^^^^^^^^^^^^^^^^^^^^^^^^^^^^^^^^^^^ source.mf6-lst comment.mf6-lst
>   Compiler Classic for applications running on Intel(R) 64, Version 2021.7.0
#^^^^^^^^^^^^^^^^^^^^^^^^^^^^^^^^^^^^^^^^^^^^^^^^^^^^^^^^^^^^^^^^^^^^^^^^^^^^^^ source.mf6-lst comment.mf6-lst
>                             Build 20220726_000000
#^^^^^^^^^^^^^^^^^^^^^^^^^^^^^^^^^^^^^^^^^^^^^^^^^^^ source.mf6-lst comment.mf6-lst
>
>This software has been approved for release by the U.S. Geological
#^^^^^^^^^^^^^^^^^^^^^^^^^^^^^^^^^^^^^^^^^^^^^^^^^^^^^^^^^^^^^^^^^^^^ source.mf6-lst comment.mf6-lst
>Survey (USGS). Although the software has been subjected to rigorous
#^^^^^^^^^^^^^^^^^^^^^^^^^^^^^^^^^^^^^^^^^^^^^^^^^^^^^^^^^^^^^^^^^^^^^ source.mf6-lst comment.mf6-lst
>review, the USGS reserves the right to update the software as needed
#^^^^^^^^^^^^^^^^^^^^^^^^^^^^^^^^^^^^^^^^^^^^^^^^^^^^^^^^^^^^^^^^^^^^^^ source.mf6-lst comment.mf6-lst
>pursuant to further analysis and review. No warranty, expressed or
#^^^^^^^^^^^^^^^^^^^^^^^^^^^^^^^^^^^^^^^^^^^^^^^^^^^^^^^^^^^^^^^^^^^^ source.mf6-lst comment.mf6-lst
>implied, is made by the USGS or the U.S. Government as to the
#^^^^^^^^^^^^^^^^^^^^^^^^^^^^^^^^^^^^^^^^^^^^^^^^^^^^^^^^^^^^^^^ source.mf6-lst comment.mf6-lst
>functionality of the software and related material nor shall the
#^^^^^^^^^^^^^^^^^^^^^^^^^^^^^^^^^^^^^^^^^^^^^^^^^^^^^^^^^^^^^^^^^^ source.mf6-lst comment.mf6-lst
>fact of release constitute any such warranty. Furthermore, the
#^^^^^^^^^^^^^^^^^^^^^^^^^^^^^^^^^^^^^^^^^^^^^^^^^^^^^^^^^^^^^^^^ source.mf6-lst comment.mf6-lst
>software is released on condition that neither the USGS nor the U.S.
#^^^^^^^^^^^^^^^^^^^^^^^^^^^^^^^^^^^^^^^^^^^^^^^^^^^^^^^^^^^^^^^^^^^^^^ source.mf6-lst comment.mf6-lst
>Government shall be held liable for any damages resulting from its
#^^^^^^^^^^^^^^^^^^^^^^^^^^^^^^^^^^^^^^^^^^^^^^^^^^^^^^^^^^^^^^^^^^^^ source.mf6-lst comment.mf6-lst
>authorized or unauthorized use. Also refer to the USGS Water
#^^^^^^^^^^^^^^^^^^^^^^^^^^^^^^^^^^^^^^^^^^^^^^^^^^^^^^^^^^^^^^ source.mf6-lst comment.mf6-lst
>Resources Software User Rights Notice for complete use, copyright,
#^^^^^^^^^^^^^^^^^^^^^^^^^^^^^^^^^^^^^^^^^^^^^^^^^^^^^^^^^^^^^^^^^^^^ source.mf6-lst comment.mf6-lst
>and distribution information.
#^^^^^^^^^^^^^^^^^^^^^^^^^^^^^^ source.mf6-lst comment.mf6-lst
>
>
>As a work of the United States Government, this USGS product is
#^^^^^^^^^^^^^^^^^^^^^^^^^^^^^^^^^^^^^^^^^^^^^^^^^^^^^^^^^^^^^^^^^ source.mf6-lst comment.mf6-lst
>in the public domain within the United States. You can copy,
#^^^^^^^^^^^^^^^^^^^^^^^^^^^^^^^^^^^^^^^^^^^^^^^^^^^^^^^^^^^^^^ source.mf6-lst comment.mf6-lst
>modify, distribute, and perform the work, even for commercial
#^^^^^^^^^^^^^^^^^^^^^^^^^^^^^^^^^^^^^^^^^^^^^^^^^^^^^^^^^^^^^^^ source.mf6-lst comment.mf6-lst
>purposes, all without asking permission. Additionally, USGS
#^^^^^^^^^^^^^^^^^^^^^^^^^^^^^^^^^^^^^^^^^^^^^^^^^^^^^^^^^^^^^ source.mf6-lst comment.mf6-lst
>waives copyright and related rights in the work worldwide
#^^^^^^^^^^^^^^^^^^^^^^^^^^^^^^^^^^^^^^^^^^^^^^^^^^^^^^^^^^^ source.mf6-lst comment.mf6-lst
>through CC0 1.0 Universal Public Domain Dedication
#^^^^^^^^^^^^^^^^^^^^^^^^^^^^^^^^^^^^^^^^^^^^^^^^^^^^ source.mf6-lst comment.mf6-lst
>(https://creativecommons.org/publicdomain/zero/1.0/).
#^^^^^^^^^^^^^^^^^^^^^^^^^^^^^^^^^^^^^^^^^^^^^^^^^^^^^^ source.mf6-lst comment.mf6-lst
>
>The following GNU Lesser General Public License (LGPL) libraries
#^^^^^^^^^^^^^^^^^^^^^^^^^^^^^^^^^^^^^^^^^^^^^^^^^^^^^^^^^^^^^^^^^ source.mf6-lst comment.mf6-lst
>are used in this USGS product:
#^^^^^^^^^^^^^^^^^^^^^^^^^^^^^^^ source.mf6-lst comment.mf6-lst
>
>    SPARSKIT version 2.0
#^^^^^^^^^^^^^^^^^^^^^^^^^ source.mf6-lst comment.mf6-lst
>      ilut, luson, and qsplit
#^^^^^^^^^^^^^^^^^^^^^^^^^^^^^^^ source.mf6-lst comment.mf6-lst
>      (https://www-users.cse.umn.edu/~saad/software/SPARSKIT/)
#^^^^^^^^^^^^^^^^^^^^^^^^^^^^^^^^^^^^^^^^^^^^^^^^^^^^^^^^^^^^^^^ source.mf6-lst comment.mf6-lst
>
>    RCM - Reverse Cuthill McKee Ordering
#^^^^^^^^^^^^^^^^^^^^^^^^^^^^^^^^^^^^^^^^^ source.mf6-lst comment.mf6-lst
>      (https://people.math.sc.edu/Burkardt/f_src/rcm/rcm.html)
#^^^^^^^^^^^^^^^^^^^^^^^^^^^^^^^^^^^^^^^^^^^^^^^^^^^^^^^^^^^^^^^ source.mf6-lst comment.mf6-lst
>
>    BLAS - Basic Linear Algebra Subprograms Level 1
#^^^^^^^^^^^^^^^^^^^^^^^^^^^^^^^^^^^^^^^^^^^^^^^^^^^^ source.mf6-lst comment.mf6-lst
>      (https://people.math.sc.edu/Burkardt/f_src/blas1_d/blas1_d.html)
#^^^^^^^^^^^^^^^^^^^^^^^^^^^^^^^^^^^^^^^^^^^^^^^^^^^^^^^^^^^^^^^^^^^^^^^ source.mf6-lst comment.mf6-lst
>
>    SPARSEKIT - Sparse Matrix Utility Package
#^^^^^^^^^^^^^^^^^^^^^^^^^^^^^^^^^^^^^^^^^^^^^^ source.mf6-lst comment.mf6-lst
>      amux, dperm, dvperm, rperm, and cperm
#^^^^^^^^^^^^^^^^^^^^^^^^^^^^^^^^^^^^^^^^^^^^ source.mf6-lst comment.mf6-lst
>      (https://people.sc.fsu.edu/~jburkardt/f77_src/sparsekit/sparsekit.html)
#^^^^^^^^^^^^^^^^^^^^^^^^^^^^^^^^^^^^^^^^^^^^^^^^^^^^^^^^^^^^^^^^^^^^^^^^^^^^^^ source.mf6-lst comment.mf6-lst
>
>The following BSD-3 License libraries are used in this USGS product:
#^^^^^^^^^^^^^^^^^^^^^^^^^^^^^^^^^^^^^^^^^^^^^^^^^^^^^^^^^^^^^^^^^^^^^ source.mf6-lst comment.mf6-lst
>
>    Modern Fortran DAG Library
#^^^^^^^^^^^^^^^^^^^^^^^^^^^^^^^ source.mf6-lst comment.mf6-lst
>      Copyright (c) 2018, Jacob Williams
#^^^^^^^^^^^^^^^^^^^^^^^^^^^^^^^^^^^^^^^^^ source.mf6-lst comment.mf6-lst
>      All rights reserved.
#^^^^^^^^^^^^^^^^^^^^^^^^^^^ source.mf6-lst comment.mf6-lst
>      (https://github.com/jacobwilliams/daglib)
#^^^^^^^^^^^^^^^^^^^^^^^^^^^^^^^^^^^^^^^^^^^^^^^^ source.mf6-lst comment.mf6-lst
>
>MODFLOW 6 compiler options: /O2 /heap-arrays:0 /fpe:0 /traceback /nologo /fpp
#^^^^^^^^^^^^^^^^^^^^^^^^^^^^^^^^^^^^^^^^^^^^^^^^^^^^^^^^^^^^^^^^^^^^^^^^^^^^^^ source.mf6-lst comment.mf6-lst
>/c /module:win64\mod_mf6\ /object:win64\obj_mf6\
#^^^^^^^^^^^^^^^^^^^^^^^^^^^^^^^^^^^^^^^^^^^^^^^^^ source.mf6-lst comment.mf6-lst
>
>System command used to initiate simulation:
#^^^^^^^^^^^^^^^^^^^^^^^^^^^^^^^^^^^^^^^^^^^^ source.mf6-lst comment.mf6-lst
>C:\Users\CLAM6\modflow\mf6.exe
#^^^^^^^^^^^^^^^^^^^^^^^^^^^^^^^ source.mf6-lst comment.mf6-lst
>
>MODFLOW was compiled using uniform precision.
#^^^^^^^^^^^^^^^^^^^^^^^^^^^^^^^^^^^^^^^^^^^^^^ source.mf6-lst comment.mf6-lst
>
>Real Variables
#^^^^^^^^^^^^^^^ source.mf6-lst comment.mf6-lst
>  KIND: 8
#^^^^^^^^^^ source.mf6-lst comment.mf6-lst
>  TINY (smallest non-zero value):    2.225074-308
#^^^^^^^^^^^^^^^^^^^^^^^^^^^^^^^^^^^^^^^^^^^^^^^^^^ source.mf6-lst comment.mf6-lst
>  HUGE (largest value):    1.797693+308
#^^^^^^^^^^^^^^^^^^^^^^^^^^^^^^^^^^^^^^^^ source.mf6-lst comment.mf6-lst
>  PRECISION: 15
#^^^^^^^^^^^^^^^^ source.mf6-lst comment.mf6-lst
>  SIZE IN BITS: 64
#^^^^^^^^^^^^^^^^^^^ source.mf6-lst comment.mf6-lst
>
>Integer Variables
#^^^^^^^^^^^^^^^^^^ source.mf6-lst comment.mf6-lst
>  KIND: 4
#^^^^^^^^^^ source.mf6-lst comment.mf6-lst
>  HUGE (largest value): 2147483647
#^^^^^^^^^^^^^^^^^^^^^^^^^^^^^^^^^^^ source.mf6-lst comment.mf6-lst
>  SIZE IN BITS: 32
#^^^^^^^^^^^^^^^^^^^ source.mf6-lst comment.mf6-lst
>
>Long Integer Variables
#^^^^^^^^^^^^^^^^^^^^^^^ source.mf6-lst comment.mf6-lst
>  KIND: 8
#^^^^^^^^^^ source.mf6-lst comment.mf6-lst
>  HUGE (largest value): 9223372036854775807
#^^^^^^^^^^^^^^^^^^^^^^^^^^^^^^^^^^^^^^^^^^^^ source.mf6-lst comment.mf6-lst
>  SIZE IN BITS: 64
#^^^^^^^^^^^^^^^^^^^ source.mf6-lst comment.mf6-lst
>
>Logical Variables
#^^^^^^^^^^^^^^^^^^ source.mf6-lst comment.mf6-lst
>  KIND: 4
#^^^^^^^^^^ source.mf6-lst comment.mf6-lst
>  SIZE IN BITS: 32
#^^^^^^^^^^^^^^^^^^^ source.mf6-lst comment.mf6-lst
>
>
> OPENED mfsim.nam
#^^^^^^^^ source.mf6-lst comment.mf6-lst entity.name.function.mf6-lst
#        ^^^^^^^^^ source.mf6-lst comment.mf6-lst string.mf6-lst
> FILE TYPE:NAM6               UNIT 1001   STATUS:OLD
#^^^^^^^^^^^^^^^^^^^^^^^^^^^^^^^^^^^^^^^^^^^^^^^^^^^^^^^^^^^^^^^^^^^^^^ source.mf6-lst comment.mf6-lst
> FORMAT:FORMATTED              ACCESS:SEQUENTIAL
#^^^^^^^^^^^^^^^^^^^^^^^^^^^^^^^^^^^^^^^^^^^^^^^^^^^^^^^^^^^ source.mf6-lst comment.mf6-lst
> ACTION:READ
#^^^^^^^^^^^^^^^^^^^^^^^^^^^^^ source.mf6-lst comment.mf6-lst
>
> # File generated by Flopy version 3.10.0.dev1 on 12/27/2024 at 13:24:41.
#^^^^^^^^^^^^^^^^^^^^^^^^^^^^^^^^^^^^^^^^^^^^^^^^^^^^^^^^^^^^^^^^^^^^^^^^^^ source.mf6-lst comment.mf6-lst
>
> OPENED ex01_mf6.tdis
#^^^^^^^^ source.mf6-lst comment.mf6-lst entity.name.function.mf6-lst
#        ^^^^^^^^^^^^^ source.mf6-lst comment.mf6-lst string.mf6-lst
> FILE TYPE:TDIS6              UNIT 1002   STATUS:OLD
#^^^^^^^^^^^^^^^^^^^^^^^^^^^^^^^^^^^^^^^^^^^^^^^^^^^^^^^^^^^^^^^^^^^^^^ source.mf6-lst comment.mf6-lst
> FORMAT:FORMATTED              ACCESS:SEQUENTIAL
#^^^^^^^^^^^^^^^^^^^^^^^^^^^^^^^^^^^^^^^^^^^^^^^^^^^^^^^^^^^ source.mf6-lst comment.mf6-lst
> ACTION:READ
#^^^^^^^^^^^^^^^^^^^^^^^^^^^^^ source.mf6-lst comment.mf6-lst
>
> # File generated by Flopy version 3.10.0.dev1 on 12/27/2024 at 13:24:41.
#^^^^^^^^^^^^^^^^^^^^^^^^^^^^^^^^^^^^^^^^^^^^^^^^^^^^^^^^^^^^^^^^^^^^^^^^^^ source.mf6-lst comment.mf6-lst
>
> OPENED ex01_mf6.nam
#^^^^^^^^ source.mf6-lst comment.mf6-lst entity.name.function.mf6-lst
#        ^^^^^^^^^^^^ source.mf6-lst comment.mf6-lst string.mf6-lst
> FILE TYPE:GWF6               UNIT 1003   STATUS:OLD
#^^^^^^^^^^^^^^^^^^^^^^^^^^^^^^^^^^^^^^^^^^^^^^^^^^^^^^^^^^^^^^^^^^^^^^ source.mf6-lst comment.mf6-lst
> FORMAT:FORMATTED              ACCESS:SEQUENTIAL
#^^^^^^^^^^^^^^^^^^^^^^^^^^^^^^^^^^^^^^^^^^^^^^^^^^^^^^^^^^^ source.mf6-lst comment.mf6-lst
> ACTION:READ
#^^^^^^^^^^^^^^^^^^^^^^^^^^^^^ source.mf6-lst comment.mf6-lst
>
> # File generated by Flopy version 3.10.0.dev1 on 12/27/2024 at 13:24:41.
#^^^^^^^^^^^^^^^^^^^^^^^^^^^^^^^^^^^^^^^^^^^^^^^^^^^^^^^^^^^^^^^^^^^^^^^^^^ source.mf6-lst comment.mf6-lst
>
> OPENED ex01_mf6.dis
#^^^^^^^^ source.mf6-lst comment.mf6-lst entity.name.function.mf6-lst
#        ^^^^^^^^^^^^ source.mf6-lst comment.mf6-lst string.mf6-lst
> FILE TYPE:DIS6               UNIT 1004   STATUS:OLD
#^^^^^^^^^^^^^^^^^^^^^^^^^^^^^^^^^^^^^^^^^^^^^^^^^^^^^^^^^^^^^^^^^^^^^^ source.mf6-lst comment.mf6-lst
> FORMAT:FORMATTED              ACCESS:SEQUENTIAL
#^^^^^^^^^^^^^^^^^^^^^^^^^^^^^^^^^^^^^^^^^^^^^^^^^^^^^^^^^^^ source.mf6-lst comment.mf6-lst
> ACTION:READ
#^^^^^^^^^^^^^^^^^^^^^^^^^^^^^ source.mf6-lst comment.mf6-lst
>
> # File generated by Flopy version 3.10.0.dev1 on 12/27/2024 at 13:24:41.
#^^^^^^^^^^^^^^^^^^^^^^^^^^^^^^^^^^^^^^^^^^^^^^^^^^^^^^^^^^^^^^^^^^^^^^^^^^ source.mf6-lst comment.mf6-lst
>
> OPENED ex01_mf6.npf
#^^^^^^^^ source.mf6-lst comment.mf6-lst entity.name.function.mf6-lst
#        ^^^^^^^^^^^^ source.mf6-lst comment.mf6-lst string.mf6-lst
> FILE TYPE:NPF6               UNIT 1005   STATUS:OLD
#^^^^^^^^^^^^^^^^^^^^^^^^^^^^^^^^^^^^^^^^^^^^^^^^^^^^^^^^^^^^^^^^^^^^^^ source.mf6-lst comment.mf6-lst
> FORMAT:FORMATTED              ACCESS:SEQUENTIAL
#^^^^^^^^^^^^^^^^^^^^^^^^^^^^^^^^^^^^^^^^^^^^^^^^^^^^^^^^^^^ source.mf6-lst comment.mf6-lst
> ACTION:READ
#^^^^^^^^^^^^^^^^^^^^^^^^^^^^^ source.mf6-lst comment.mf6-lst
>
> # File generated by Flopy version 3.10.0.dev1 on 12/27/2024 at 13:24:41.
#^^^^^^^^^^^^^^^^^^^^^^^^^^^^^^^^^^^^^^^^^^^^^^^^^^^^^^^^^^^^^^^^^^^^^^^^^^ source.mf6-lst comment.mf6-lst
>
> OPENED ex01_mf6.ic
#^^^^^^^^ source.mf6-lst comment.mf6-lst entity.name.function.mf6-lst
#        ^^^^^^^^^^^ source.mf6-lst comment.mf6-lst string.mf6-lst
> FILE TYPE:IC6                UNIT 1006   STATUS:OLD
#^^^^^^^^^^^^^^^^^^^^^^^^^^^^^^^^^^^^^^^^^^^^^^^^^^^^^^^^^^^^^^^^^^^^^^ source.mf6-lst comment.mf6-lst
> FORMAT:FORMATTED              ACCESS:SEQUENTIAL
#^^^^^^^^^^^^^^^^^^^^^^^^^^^^^^^^^^^^^^^^^^^^^^^^^^^^^^^^^^^ source.mf6-lst comment.mf6-lst
> ACTION:READ
#^^^^^^^^^^^^^^^^^^^^^^^^^^^^^ source.mf6-lst comment.mf6-lst
>
> # File generated by Flopy version 3.10.0.dev1 on 12/27/2024 at 13:24:41.
#^^^^^^^^^^^^^^^^^^^^^^^^^^^^^^^^^^^^^^^^^^^^^^^^^^^^^^^^^^^^^^^^^^^^^^^^^^ source.mf6-lst comment.mf6-lst
>
> OPENED ex01_mf6.oc
#^^^^^^^^ source.mf6-lst comment.mf6-lst entity.name.function.mf6-lst
#        ^^^^^^^^^^^ source.mf6-lst comment.mf6-lst string.mf6-lst
> FILE TYPE:OC6       UNIT 1007   STATUS:OLD
#^^^^^^^^^^^^^^^^^^^^^^^^^^^^^^^^^^^^^^^^^^^^^^^^^^^^^^^^^^^^^ source.mf6-lst comment.mf6-lst
> FORMAT:FORMATTED              ACCESS:SEQUENTIAL
#^^^^^^^^^^^^^^^^^^^^^^^^^^^^^^^^^^^^^^^^^^^^^^^^^^^^^^^^^^^ source.mf6-lst comment.mf6-lst
> ACTION:READ
#^^^^^^^^^^^^^^^^^^^^^^^^^^^^^ source.mf6-lst comment.mf6-lst
>
>
> OPENED ex01_mf6.wel
#^^^^^^^^ source.mf6-lst comment.mf6-lst entity.name.function.mf6-lst
#        ^^^^^^^^^^^^ source.mf6-lst comment.mf6-lst string.mf6-lst
> FILE TYPE:WEL6               UNIT 1008   STATUS:OLD
#^^^^^^^^^^^^^^^^^^^^^^^^^^^^^^^^^^^^^^^^^^^^^^^^^^^^^^^^^^^^^^^^^^^^^^ source.mf6-lst comment.mf6-lst
> FORMAT:FORMATTED              ACCESS:SEQUENTIAL
#^^^^^^^^^^^^^^^^^^^^^^^^^^^^^^^^^^^^^^^^^^^^^^^^^^^^^^^^^^^ source.mf6-lst comment.mf6-lst
> ACTION:READ
#^^^^^^^^^^^^^^^^^^^^^^^^^^^^^ source.mf6-lst comment.mf6-lst
>
> # File generated by Flopy version 3.10.0.dev1 on 12/27/2024 at 13:24:41.
#^^^^^^^^^^^^^^^^^^^^^^^^^^^^^^^^^^^^^^^^^^^^^^^^^^^^^^^^^^^^^^^^^^^^^^^^^^ source.mf6-lst comment.mf6-lst
>
> OPENED ex01_mf6.riv
#^^^^^^^^ source.mf6-lst comment.mf6-lst entity.name.function.mf6-lst
#        ^^^^^^^^^^^^ source.mf6-lst comment.mf6-lst string.mf6-lst
> FILE TYPE:RIV6               UNIT 1009   STATUS:OLD
#^^^^^^^^^^^^^^^^^^^^^^^^^^^^^^^^^^^^^^^^^^^^^^^^^^^^^^^^^^^^^^^^^^^^^^ source.mf6-lst comment.mf6-lst
> FORMAT:FORMATTED              ACCESS:SEQUENTIAL
#^^^^^^^^^^^^^^^^^^^^^^^^^^^^^^^^^^^^^^^^^^^^^^^^^^^^^^^^^^^ source.mf6-lst comment.mf6-lst
> ACTION:READ
#^^^^^^^^^^^^^^^^^^^^^^^^^^^^^ source.mf6-lst comment.mf6-lst
>
> # File generated by Flopy version 3.10.0.dev1 on 12/27/2024 at 13:24:41.
#^^^^^^^^^^^^^^^^^^^^^^^^^^^^^^^^^^^^^^^^^^^^^^^^^^^^^^^^^^^^^^^^^^^^^^^^^^ source.mf6-lst comment.mf6-lst
>
> OPENED ex01_mf6.rcha
#^^^^^^^^ source.mf6-lst comment.mf6-lst entity.name.function.mf6-lst
#        ^^^^^^^^^^^^^ source.mf6-lst comment.mf6-lst string.mf6-lst
> FILE TYPE:RCH6               UNIT 1011   STATUS:OLD
#^^^^^^^^^^^^^^^^^^^^^^^^^^^^^^^^^^^^^^^^^^^^^^^^^^^^^^^^^^^^^^^^^^^^^^ source.mf6-lst comment.mf6-lst
> FORMAT:FORMATTED              ACCESS:SEQUENTIAL
#^^^^^^^^^^^^^^^^^^^^^^^^^^^^^^^^^^^^^^^^^^^^^^^^^^^^^^^^^^^ source.mf6-lst comment.mf6-lst
> ACTION:READ
#^^^^^^^^^^^^^^^^^^^^^^^^^^^^^ source.mf6-lst comment.mf6-lst
>
> # File generated by Flopy version 3.10.0.dev1 on 12/27/2024 at 13:24:41.
#^^^^^^^^^^^^^^^^^^^^^^^^^^^^^^^^^^^^^^^^^^^^^^^^^^^^^^^^^^^^^^^^^^^^^^^^^^ source.mf6-lst comment.mf6-lst
>
> READING SIMULATION OPTIONS
#^^^^^^^^^ source.mf6-lst comment.mf6-lst keyword.control.mf6-lst
#         ^^^^^^^^^^^^^^^^^^ source.mf6-lst comment.mf6-lst entity.name.type.mf6-lst
>    MAXIMUM NUMBER OF ERRORS THAT WILL BE STORED IS 1000
#^^^^^^^^^^^^^^^^^^^^^^^^^^^^^^^^^^^^^^^^^^^^^^^^^^^^^^^^^ source.mf6-lst comment.mf6-lst
> END OF SIMULATION OPTIONS
#^^^^^^^^ source.mf6-lst comment.mf6-lst keyword.control.mf6-lst
#        ^^^^^^^^^^^^^^^^^^ source.mf6-lst comment.mf6-lst entity.name.type.mf6-lst
>
> READING SIMULATION TIMING
#^^^^^^^^^ source.mf6-lst comment.mf6-lst keyword.control.mf6-lst
#         ^^^^^^^^^^^^^^^^^ source.mf6-lst comment.mf6-lst entity.name.type.mf6-lst
>
> TDIS -- TEMPORAL DISCRETIZATION PACKAGE,
#^^^^^^^^^^^^^^^^^^^^^^^^^^^^^^^^^^^^^^^^^ source.mf6-lst comment.mf6-lst markup.heading.1.mf6-lst
> VERSION 1 : 11/13/2014 - INPUT READ FROM MEMPATH: __INPUT__/SIM/TDIS
#^^^^^^^^^^^^^^^^^^^^^^^^^^^^^^^^^^^^^^^^^^^^^^^^^^^^^^^^^^^^^^^^^^^^^^^^^^^^^^^^^^^^^^^^^^^^^^^^^^^^^^ source.mf6-lst comment.mf6-lst
> PROCESSING TDIS OPTIONS
#^^^^^^^^^^^^ source.mf6-lst comment.mf6-lst keyword.control.mf6-lst
#            ^^^^^^^^^^^^ source.mf6-lst comment.mf6-lst entity.name.type.mf6-lst
>    SIMULATION TIME UNIT IS DAYS
#^^^^^^^^^^^^^^^^^^^^^^^^^^^^^^^^^ source.mf6-lst comment.mf6-lst
> END OF TDIS OPTIONS
#^^^^^^^^ source.mf6-lst comment.mf6-lst keyword.control.mf6-lst
#        ^^^^^^^^^^^^ source.mf6-lst comment.mf6-lst entity.name.type.mf6-lst
> PROCESSING TDIS DIMENSIONS
#^^^^^^^^^^^^ source.mf6-lst comment.mf6-lst keyword.control.mf6-lst
#            ^^^^^^^^^^^^^^^ source.mf6-lst comment.mf6-lst entity.name.type.mf6-lst
>    1 STRESS PERIOD(S) IN SIMULATION
#^^^^^^^^^^^^^^^^^^^^^^^^^^^^^^^^^^^^^ source.mf6-lst comment.mf6-lst
> END OF TDIS DIMENSIONS
#^^^^^^^^ source.mf6-lst comment.mf6-lst keyword.control.mf6-lst
#        ^^^^^^^^^^^^^^^ source.mf6-lst comment.mf6-lst entity.name.type.mf6-lst
> PROCESSING TDIS PERIODDATA
#^^^^^^^^^^^^ source.mf6-lst comment.mf6-lst keyword.control.mf6-lst
#            ^^^^^^^^^^^^^^^ source.mf6-lst comment.mf6-lst entity.name.type.mf6-lst
>
>
> STRESS PERIOD     LENGTH       TIME STEPS     MULTIPLIER FOR DELT
#^^^^^^^^^^^^^^^^^^^^^^^^^^^^^^^^^^^^^^^^^^^^^^^^^^^^^^^^^^^^^^^^^^^ source.mf6-lst comment.mf6-lst
> ----------------------------------------------------------------------------
#^^^^^^^^^^^^^^^^^^^^^^^^^^^^^^^^^^^^^^^^^^^^^^^^^^^^^^^^^^^^^^^^^^^^^^^^^^^^^^ source.mf6-lst comment.mf6-lst
>        1         1.000000          1                    1.000
#^^^^^^^^^^^^^^^^^^^^^^^^^^^^^^^^^^^^^^^^^^^^^^^^^^^^^^^^^^^^^^^ source.mf6-lst comment.mf6-lst
> END OF TDIS PERIODDATA
#^^^^^^^^ source.mf6-lst comment.mf6-lst keyword.control.mf6-lst
#        ^^^^^^^^^^^^^^^ source.mf6-lst comment.mf6-lst entity.name.type.mf6-lst
> END OF SIMULATION TIMING
#^^^^^^^^ source.mf6-lst comment.mf6-lst keyword.control.mf6-lst
#        ^^^^^^^^^^^^^^^^^ source.mf6-lst comment.mf6-lst entity.name.type.mf6-lst
>
> READING SIMULATION MODELS
#^^^^^^^^^ source.mf6-lst comment.mf6-lst keyword.control.mf6-lst
#         ^^^^^^^^^^^^^^^^^ source.mf6-lst comment.mf6-lst entity.name.type.mf6-lst
>    GWF6 model 1 will be created
#^^^^^^^^^^^^^^^^^^^^^^^^^^^^^^^^^ source.mf6-lst comment.mf6-lst
> END OF SIMULATION MODELS
#^^^^^^^^ source.mf6-lst comment.mf6-lst keyword.control.mf6-lst
#        ^^^^^^^^^^^^^^^^^ source.mf6-lst comment.mf6-lst entity.name.type.mf6-lst
>
> READING SIMULATION EXCHANGES
#^^^^^^^^^ source.mf6-lst comment.mf6-lst keyword.control.mf6-lst
#         ^^^^^^^^^^^^^^^^^^^^ source.mf6-lst comment.mf6-lst entity.name.type.mf6-lst
> END OF SIMULATION EXCHANGES
#^^^^^^^^ source.mf6-lst comment.mf6-lst keyword.control.mf6-lst
#        ^^^^^^^^^^^^^^^^^^^^ source.mf6-lst comment.mf6-lst entity.name.type.mf6-lst
>
> READING SOLUTIONGROUP
#^^^^^^^^^ source.mf6-lst comment.mf6-lst keyword.control.mf6-lst
#         ^^^^^^^^^^^^^ source.mf6-lst comment.mf6-lst entity.name.type.mf6-lst
>
> Creating solution: SLN_1
#^^^^^^^^^^^^^^^^^^^^^^^^^^^^^^^^^^^^^ source.mf6-lst comment.mf6-lst
>
> OPENED ex01_mf6.ims
#^^^^^^^^ source.mf6-lst comment.mf6-lst entity.name.function.mf6-lst
#        ^^^^^^^^^^^^ source.mf6-lst comment.mf6-lst string.mf6-lst
> FILE TYPE:IMS   UNIT 1013   STATUS:OLD
#^^^^^^^^^^^^^^^^^^^^^^^^^^^^^^^^^^^^^^^^^^^^^^^^^^^^^^^^^ source.mf6-lst comment.mf6-lst
> FORMAT:FORMATTED              ACCESS:SEQUENTIAL
#^^^^^^^^^^^^^^^^^^^^^^^^^^^^^^^^^^^^^^^^^^^^^^^^^^^^^^^^^^^ source.mf6-lst comment.mf6-lst
> ACTION:READ
#^^^^^^^^^^^^^^^^^^^^^^^^^^^^^ source.mf6-lst comment.mf6-lst
>
> END OF SOLUTIONGROUP
#^^^^^^^^ source.mf6-lst comment.mf6-lst keyword.control.mf6-lst
#        ^^^^^^^^^^^^^ source.mf6-lst comment.mf6-lst entity.name.type.mf6-lst
>
>PROCESSING MODEL CONNECTIONS
#^^^^^^^^^^^ source.mf6-lst comment.mf6-lst keyword.control.mf6-lst
#           ^^^^^^^^^^^^^^^^^ source.mf6-lst comment.mf6-lst entity.name.type.mf6-lst
>
> IMS -- ITERATIVE MODEL SOLUTION PACKAGE, VERSION 6, 4/28/2017
#^^^^^^^^^^^^^^^^^^^^^^^^^^^^^^^^^^^^^^^^^^^^^^^^^^^^^^^^^^^^^^ source.mf6-lst comment.mf6-lst markup.heading.1.mf6-lst
>         INPUT READ FROM UNIT 1013
#^^^^^^^^^^^^^^^^^^^^^^^^^^^^^^^^^^^ source.mf6-lst comment.mf6-lst
> # File generated by Flopy version 3.10.0.dev1 on 12/27/2024 at 13:24:41.
#^^^^^^^^^^^^^^^^^^^^^^^^^^^^^^^^^^^^^^^^^^^^^^^^^^^^^^^^^^^^^^^^^^^^^^^^^^ source.mf6-lst comment.mf6-lst
>
> PROCESSING IMS OPTIONS
#^^^^^^^^^^^^ source.mf6-lst comment.mf6-lst keyword.control.mf6-lst
#            ^^^^^^^^^^^ source.mf6-lst comment.mf6-lst entity.name.type.mf6-lst
> SIMPLE OPTION:
#^^^^^^^^^^^^^^^^ source.mf6-lst comment.mf6-lst
> DEFAULT SOLVER INPUT VALUES FOR FAST SOLUTIONS
#^^^^^^^^^^^^^^^^^^^^^^^^^^^^^^^^^^^^^^^^^^^^^^^^ source.mf6-lst comment.mf6-lst
> END OF IMS OPTIONS
#^^^^^^^^ source.mf6-lst comment.mf6-lst keyword.control.mf6-lst
#        ^^^^^^^^^^^ source.mf6-lst comment.mf6-lst entity.name.type.mf6-lst
>
> PROCESSING IMS NONLINEAR
#^^^^^^^^^^^^ source.mf6-lst comment.mf6-lst keyword.control.mf6-lst
#            ^^^^^^^^^^^^^ source.mf6-lst comment.mf6-lst entity.name.type.mf6-lst
> END OF IMS NONLINEAR DATA
#^^^^^^^^ source.mf6-lst comment.mf6-lst keyword.control.mf6-lst
#        ^^^^^^^^^^^^^^^^^^ source.mf6-lst comment.mf6-lst entity.name.type.mf6-lst
> ***UNDER-RELAXATION WILL NOT BE USED***
#^^^^^^^^^^^^^^^^^^^^^^^^^^^^^^^^^^^^^^^^^ source.mf6-lst comment.mf6-lst
>
>
> PROCESSING LINEAR DATA
#^^^^^^^^^^^^ source.mf6-lst comment.mf6-lst keyword.control.mf6-lst
#            ^^^^^^^^^^^ source.mf6-lst comment.mf6-lst entity.name.type.mf6-lst
> END OF LINEAR DATA
#^^^^^^^^ source.mf6-lst comment.mf6-lst keyword.control.mf6-lst
#        ^^^^^^^^^^^ source.mf6-lst comment.mf6-lst entity.name.type.mf6-lst
> ***IMS LINEAR SOLVER WILL BE USED***
#^^^^^^^^^^^^^^^^^^^^^^^^^^^^^^^^^^^^^^ source.mf6-lst comment.mf6-lst
>
> IMSLINEAR -- UNSTRUCTURED LINEAR SOLUTION PACKAGE, VERSION 8, 04/28/2017
#^^^^^^^^^^^^^^^^^^^^^^^^^^^^^^^^^^^^^^^^^^^^^^^^^^^^^^^^^^^^^^^^^^^^^^^^^^ source.mf6-lst comment.mf6-lst
> A symmetric matrix will be solved
#^^^^^^^^^^^^^^^^^^^^^^^^^^^^^^^^^^^ source.mf6-lst comment.mf6-lst
>
> OUTER ITERATION CONVERGENCE CRITERION    (DVCLOSE) =    0.100000E-05
#^^^^^^^^^^^^^^^^^^^^^^^^^^^^^^^^^^^^^^^^^^^^^^^^^^^^^^^^^^^^^^^^^^^^^^ source.mf6-lst comment.mf6-lst
> MAXIMUM NUMBER OF OUTER ITERATIONS        (MXITER) = 50
#^^^^^^^^^^^^^^^^^^^^^^^^^^^^^^^^^^^^^^^^^^^^^^^^^^^^^^^^^ source.mf6-lst comment.mf6-lst
> SOLVER PRINTOUT INDEX                     (IPRIMS) = 0
#^^^^^^^^^^^^^^^^^^^^^^^^^^^^^^^^^^^^^^^^^^^^^^^^^^^^^^^^ source.mf6-lst comment.mf6-lst
> NONLINEAR ITERATION METHOD            (NONLINMETH) = 0
#^^^^^^^^^^^^^^^^^^^^^^^^^^^^^^^^^^^^^^^^^^^^^^^^^^^^^^^^ source.mf6-lst comment.mf6-lst
> LINEAR SOLUTION METHOD                   (LINMETH) = 1
#^^^^^^^^^^^^^^^^^^^^^^^^^^^^^^^^^^^^^^^^^^^^^^^^^^^^^^^^ source.mf6-lst comment.mf6-lst
>
>       SOLUTION BY THE        CONJUGATE-GRADIENT       METHOD
#^^^^^^^^^^^^^^^^^^^^^^^^^^^^^^^^^^^^^^^^^^^^^^^^^^^^^^^^^^^^^^ source.mf6-lst comment.mf6-lst
> ------------------------------------------------------------------
#^^^^^^^^^^^^^^^^^^^^^^^^^^^^^^^^^^^^^^^^^^^^^^^^^^^^^^^^^^^^^^^^^^^^ source.mf6-lst comment.mf6-lst
> MAXIMUM OF 50 CALLS OF SOLUTION ROUTINE
#^^^^^^^^^^^^^^^^^^^^^^^^^^^^^^^^^^^^^^^^^ source.mf6-lst comment.mf6-lst
> MAXIMUM OF 100 INTERNAL ITERATIONS PER CALL TO SOLUTION ROUTINE
#^^^^^^^^^^^^^^^^^^^^^^^^^^^^^^^^^^^^^^^^^^^^^^^^^^^^^^^^^^^^^^^^^ source.mf6-lst comment.mf6-lst
> LINEAR ACCELERATION METHOD            = CG
#^^^^^^^^^^^^^^^^^^^^^^^^^^^^^^^^^^^^^^^^^^^^^^^^^^^^ source.mf6-lst comment.mf6-lst
> MATRIX PRECONDITIONING TYPE           = INCOMPLETE LU
#^^^^^^^^^^^^^^^^^^^^^^^^^^^^^^^^^^^^^^^^^^^^^^^^^^^^^^^^^^^^^^ source.mf6-lst comment.mf6-lst
> MATRIX SCALING APPROACH               = NO SCALING
#^^^^^^^^^^^^^^^^^^^^^^^^^^^^^^^^^^^^^^^^^^^^^^^^^^^^^^^^^^^^^^ source.mf6-lst comment.mf6-lst
> MATRIX REORDERING APPROACH            = ORIGINAL ORDERING
#^^^^^^^^^^^^^^^^^^^^^^^^^^^^^^^^^^^^^^^^^^^^^^^^^^^^^^^^^^^^^^^^^^^ source.mf6-lst comment.mf6-lst
> NUMBER OF ORTHOGONALIZATIONS          = 0
#^^^^^^^^^^^^^^^^^^^^^^^^^^^^^^^^^^^^^^^^^^^ source.mf6-lst comment.mf6-lst
> HEAD CHANGE CRITERION FOR CLOSURE     =    0.10000E-05
#^^^^^^^^^^^^^^^^^^^^^^^^^^^^^^^^^^^^^^^^^^^^^^^^^^^^^^^^ source.mf6-lst comment.mf6-lst
> RESIDUAL CHANGE CRITERION FOR CLOSURE =    0.10000E-02
#^^^^^^^^^^^^^^^^^^^^^^^^^^^^^^^^^^^^^^^^^^^^^^^^^^^^^^^^ source.mf6-lst comment.mf6-lst
> RESIDUAL CONVERGENCE OPTION           = 0
#^^^^^^^^^^^^^^^^^^^^^^^^^^^^^^^^^^^^^^^^^^^ source.mf6-lst comment.mf6-lst
> RESIDUAL CONVERGENCE NORM             = INFINITY NORM
#^^^^^^^^^^^^^^^^^^^^^^^^^^^^^^^^^^^^^^^^^^^^^^^^^^^^^^^^^^ source.mf6-lst comment.mf6-lst
> RELAXATION FACTOR                     =    0.00000E+00
#^^^^^^^^^^^^^^^^^^^^^^^^^^^^^^^^^^^^^^^^^^^^^^^^^^^^^^^^ source.mf6-lst comment.mf6-lst
>
>
>
>
>    Solving:  Stress period:     1    Time step:     1
#^^^^ source.mf6-lst comment.mf6-lst
#    ^^^^^^^^^^^^^^^^^^^^^^^^ source.mf6-lst comment.mf6-lst markup.heading.1.mf6-lst
#                            ^^^^^ source.mf6-lst comment.mf6-lst
#                                 ^ source.mf6-lst comment.mf6-lst entity.name.type.mf6-lst
#                                  ^^^^ source.mf6-lst comment.mf6-lst
#                                      ^^^^^^^^^^ source.mf6-lst comment.mf6-lst markup.heading.1.mf6-lst
#                                                ^^^^^ source.mf6-lst comment.mf6-lst
#                                                     ^ source.mf6-lst comment.mf6-lst entity.name.type.mf6-lst
>
>1
#^^ source.mf6-lst comment.mf6-lst
> STRESS PERIOD NO. 1, LENGTH =   1.000000
#^^^^^^^^^^^^^^^^^^^^^^^^^^^^^^^^^^^^^^^^^^^^^^ source.mf6-lst comment.mf6-lst
> ------------------------------------------
#^^^^^^^^^^^^^^^^^^^^^^^^^^^^^^^^^^^^^^^^^^^^ source.mf6-lst comment.mf6-lst
> NUMBER OF TIME STEPS = 1
#^^^^^^^^^^^^^^^^^^^^^^^^^^ source.mf6-lst comment.mf6-lst
> MULTIPLIER FOR DELT =     1.000
#^^^^^^^^^^^^^^^^^^^^^^^^^^^^^^^^^ source.mf6-lst comment.mf6-lst
> INITIAL TIME STEP SIZE =   1.000000
#^^^^^^^^^^^^^^^^^^^^^^^^^^^^^^^^^^^^^^^^^ source.mf6-lst comment.mf6-lst
>
> MEMORY MANAGER TOTAL STORAGE BY DATA TYPE, IN KILOBYTES
#^^^^^^^^^^^^^^^^^^^^^^^^^^^^^^^^^^^^^^^^^^^^^^^^^^^^^^^^^ source.mf6-lst comment.mf6-lst
> -------------------------------
#^^^^^^^^^^^^^^^^^^^^^^^^^^^^^^^^^ source.mf6-lst comment.mf6-lst
>                    ALLOCATED
#^^^^^^^^^^^^^^^^^^^^^^^^^^^^^^^^^ source.mf6-lst comment.mf6-lst
> DATA TYPE           MEMORY
#^^^^^^^^^^^^^^^^^^^^^^^^^^^^^^^^^ source.mf6-lst comment.mf6-lst
> -------------------------------
#^^^^^^^^^^^^^^^^^^^^^^^^^^^^^^^^^ source.mf6-lst comment.mf6-lst
> Character        9.3770000
#^^^^^^^^^^^^^^^^^^^^^^^^^^^^^^^^^ source.mf6-lst comment.mf6-lst
> Logical          4.80000000E-02
#^^^^^^^^^^^^^^^^^^^^^^^^^^^^^^^^^ source.mf6-lst comment.mf6-lst
> Integer          265.31200
#^^^^^^^^^^^^^^^^^^^^^^^^^^^^^^^^^ source.mf6-lst comment.mf6-lst
> Real             599.90400
#^^^^^^^^^^^^^^^^^^^^^^^^^^^^^^^^^ source.mf6-lst comment.mf6-lst
> -------------------------------
#^^^^^^^^^^^^^^^^^^^^^^^^^^^^^^^^^ source.mf6-lst comment.mf6-lst
> Total            874.64100
#^^^^^^^^^^^^^^^^^^^^^^^^^^^^^^^^^ source.mf6-lst comment.mf6-lst
> Virtual          0.0000000
#^^^^^^^^^^^^^^^^^^^^^^^^^^^^^^^^^ source.mf6-lst comment.mf6-lst
> -------------------------------
#^^^^^^^^^^^^^^^^^^^^^^^^^^^^^^^^^ source.mf6-lst comment.mf6-lst
>
>
>
> Run end date and time (yyyy/mm/dd hh:mm:ss): 2024/12/27 13:24:41
#^^^^^^^^^^^^^^^^^^^^^^^^^^^^^^^^^^^^^^^^^^^^^^^^^^^^^^^^^^^^^^^^^^ source.mf6-lst comment.mf6-lst
> Elapsed run time:  0.151 Seconds
#^^^^^^^^^^^^^^^^^^^^^^^^^^^^^^^^^^ source.mf6-lst comment.mf6-lst
> Normal termination of simulation.
#^^^^^^^^^^^^^^^^^^^^^^^^^^^^^^^^^^^ source.mf6-lst comment.mf6-lst
>